Archive member included to satisfy reference by file (symbol)

/opt/st/stm32cubeclt_1.15.1/GNU-tools-for-STM32/bin/../lib/gcc/arm-none-eabi/12.3.1/../../../../arm-none-eabi/lib/thumb/v7-m/nofp/libc_nano.a(libc_a-exit.o)
                              /opt/st/stm32cubeclt_1.15.1/GNU-tools-for-STM32/bin/../lib/gcc/arm-none-eabi/12.3.1/../../../../arm-none-eabi/lib/thumb/v7-m/nofp/crt0.o (exit)
/opt/st/stm32cubeclt_1.15.1/GNU-tools-for-STM32/bin/../lib/gcc/arm-none-eabi/12.3.1/../../../../arm-none-eabi/lib/thumb/v7-m/nofp/libc_nano.a(libc_a-findfp.o)
                              /opt/st/stm32cubeclt_1.15.1/GNU-tools-for-STM32/bin/../lib/gcc/arm-none-eabi/12.3.1/../../../../arm-none-eabi/lib/thumb/v7-m/nofp/libc_nano.a(libc_a-exit.o) (__stdio_exit_handler)
/opt/st/stm32cubeclt_1.15.1/GNU-tools-for-STM32/bin/../lib/gcc/arm-none-eabi/12.3.1/../../../../arm-none-eabi/lib/thumb/v7-m/nofp/libc_nano.a(libc_a-fwalk.o)
                              /opt/st/stm32cubeclt_1.15.1/GNU-tools-for-STM32/bin/../lib/gcc/arm-none-eabi/12.3.1/../../../../arm-none-eabi/lib/thumb/v7-m/nofp/libc_nano.a(libc_a-findfp.o) (_fwalk_sglue)
/opt/st/stm32cubeclt_1.15.1/GNU-tools-for-STM32/bin/../lib/gcc/arm-none-eabi/12.3.1/../../../../arm-none-eabi/lib/thumb/v7-m/nofp/libc_nano.a(libc_a-stdio.o)
                              /opt/st/stm32cubeclt_1.15.1/GNU-tools-for-STM32/bin/../lib/gcc/arm-none-eabi/12.3.1/../../../../arm-none-eabi/lib/thumb/v7-m/nofp/libc_nano.a(libc_a-findfp.o) (__sread)
/opt/st/stm32cubeclt_1.15.1/GNU-tools-for-STM32/bin/../lib/gcc/arm-none-eabi/12.3.1/../../../../arm-none-eabi/lib/thumb/v7-m/nofp/libc_nano.a(libc_a-memset.o)
                              /opt/st/stm32cubeclt_1.15.1/GNU-tools-for-STM32/bin/../lib/gcc/arm-none-eabi/12.3.1/../../../../arm-none-eabi/lib/thumb/v7-m/nofp/crt0.o (memset)
/opt/st/stm32cubeclt_1.15.1/GNU-tools-for-STM32/bin/../lib/gcc/arm-none-eabi/12.3.1/../../../../arm-none-eabi/lib/thumb/v7-m/nofp/libc_nano.a(libc_a-closer.o)
                              /opt/st/stm32cubeclt_1.15.1/GNU-tools-for-STM32/bin/../lib/gcc/arm-none-eabi/12.3.1/../../../../arm-none-eabi/lib/thumb/v7-m/nofp/libc_nano.a(libc_a-stdio.o) (_close_r)
/opt/st/stm32cubeclt_1.15.1/GNU-tools-for-STM32/bin/../lib/gcc/arm-none-eabi/12.3.1/../../../../arm-none-eabi/lib/thumb/v7-m/nofp/libc_nano.a(libc_a-reent.o)
                              /opt/st/stm32cubeclt_1.15.1/GNU-tools-for-STM32/bin/../lib/gcc/arm-none-eabi/12.3.1/../../../../arm-none-eabi/lib/thumb/v7-m/nofp/libc_nano.a(libc_a-closer.o) (errno)
/opt/st/stm32cubeclt_1.15.1/GNU-tools-for-STM32/bin/../lib/gcc/arm-none-eabi/12.3.1/../../../../arm-none-eabi/lib/thumb/v7-m/nofp/libc_nano.a(libc_a-impure.o)
                              /opt/st/stm32cubeclt_1.15.1/GNU-tools-for-STM32/bin/../lib/gcc/arm-none-eabi/12.3.1/../../../../arm-none-eabi/lib/thumb/v7-m/nofp/libc_nano.a(libc_a-reent.o) (_impure_ptr)
/opt/st/stm32cubeclt_1.15.1/GNU-tools-for-STM32/bin/../lib/gcc/arm-none-eabi/12.3.1/../../../../arm-none-eabi/lib/thumb/v7-m/nofp/libc_nano.a(libc_a-lseekr.o)
                              /opt/st/stm32cubeclt_1.15.1/GNU-tools-for-STM32/bin/../lib/gcc/arm-none-eabi/12.3.1/../../../../arm-none-eabi/lib/thumb/v7-m/nofp/libc_nano.a(libc_a-stdio.o) (_lseek_r)
/opt/st/stm32cubeclt_1.15.1/GNU-tools-for-STM32/bin/../lib/gcc/arm-none-eabi/12.3.1/../../../../arm-none-eabi/lib/thumb/v7-m/nofp/libc_nano.a(libc_a-readr.o)
                              /opt/st/stm32cubeclt_1.15.1/GNU-tools-for-STM32/bin/../lib/gcc/arm-none-eabi/12.3.1/../../../../arm-none-eabi/lib/thumb/v7-m/nofp/libc_nano.a(libc_a-stdio.o) (_read_r)
/opt/st/stm32cubeclt_1.15.1/GNU-tools-for-STM32/bin/../lib/gcc/arm-none-eabi/12.3.1/../../../../arm-none-eabi/lib/thumb/v7-m/nofp/libc_nano.a(libc_a-writer.o)
                              /opt/st/stm32cubeclt_1.15.1/GNU-tools-for-STM32/bin/../lib/gcc/arm-none-eabi/12.3.1/../../../../arm-none-eabi/lib/thumb/v7-m/nofp/libc_nano.a(libc_a-stdio.o) (_write_r)
/opt/st/stm32cubeclt_1.15.1/GNU-tools-for-STM32/bin/../lib/gcc/arm-none-eabi/12.3.1/../../../../arm-none-eabi/lib/thumb/v7-m/nofp/libc_nano.a(libc_a-init.o)
                              /opt/st/stm32cubeclt_1.15.1/GNU-tools-for-STM32/bin/../lib/gcc/arm-none-eabi/12.3.1/../../../../arm-none-eabi/lib/thumb/v7-m/nofp/crt0.o (__libc_init_array)
/opt/st/stm32cubeclt_1.15.1/GNU-tools-for-STM32/bin/../lib/gcc/arm-none-eabi/12.3.1/../../../../arm-none-eabi/lib/thumb/v7-m/nofp/libc_nano.a(libc_a-lock.o)
                              /opt/st/stm32cubeclt_1.15.1/GNU-tools-for-STM32/bin/../lib/gcc/arm-none-eabi/12.3.1/../../../../arm-none-eabi/lib/thumb/v7-m/nofp/libc_nano.a(libc_a-findfp.o) (__retarget_lock_init_recursive)
/opt/st/stm32cubeclt_1.15.1/GNU-tools-for-STM32/bin/../lib/gcc/arm-none-eabi/12.3.1/../../../../arm-none-eabi/lib/thumb/v7-m/nofp/libc_nano.a(libc_a-freer.o)
[...]
Memory Configuration

Name             Origin             Length             Attributes
RAM              0x20000000         0x00010000         xrw
FLASH            0x08000000         0x00080000         xr
*default*        0x00000000         0xffffffff

Linker script and memory map

LOAD /opt/st/stm32cubeclt_1.15.1/GNU-tools-for-STM32/bin/../lib/gcc/arm-none-eabi/12.3.1/thumb/v7-m/nofp/crti.o
LOAD /opt/st/stm32cubeclt_1.15.1/GNU-tools-for-STM32/bin/../lib/gcc/arm-none-eabi/12.3.1/thumb/v7-m/nofp/crtbegin.o
LOAD /opt/st/stm32cubeclt_1.15.1/GNU-tools-for-STM32/bin/../lib/gcc/arm-none-eabi/12.3.1/../../../../arm-none-eabi/lib/thumb/v7-m/nofp/crt0.o
START GROUP
LOAD /opt/st/stm32cubeclt_1.15.1/GNU-tools-for-STM32/bin/../lib/gcc/arm-none-eabi/12.3.1/../../../../arm-none-eabi/lib/thumb/v7-m/nofp/libc_nano.a
LOAD /opt/st/stm32cubeclt_1.15.1/GNU-tools-for-STM32/bin/../lib/gcc/arm-none-eabi/12.3.1/../../../../arm-none-eabi/lib/thumb/v7-m/nofp/libm.a
END GROUP
LOAD CMakeFiles/f103vet6_learning_1.dir/Drivers/YeHuoDriver/driver_led.c.obj
LOAD CMakeFiles/f103vet6_learning_1.dir/Drivers/YeHuoDriver/driver_timer.c.obj
LOAD CMakeFiles/f103vet6_learning_1.dir/Drivers/YeHuoDriver/ascii_font.c.obj
LOAD CMakeFiles/f103vet6_learning_1.dir/Drivers/YeHuoDriver/oledfont.c.obj
LOAD CMakeFiles/f103vet6_learning_1.dir/Drivers/YeHuoDriver/bsp.c.obj
LOAD CMakeFiles/f103vet6_learning_1.dir/Core/Src/main.c.obj
LOAD CMakeFiles/f103vet6_learning_1.dir/Core/Src/gpio.c.obj
LOAD CMakeFiles/f103vet6_learning_1.dir/Core/Src/freertos.c.obj
LOAD CMakeFiles/f103vet6_learning_1.dir/Core/Src/i2c.c.obj
LOAD CMakeFiles/f103vet6_learning_1.dir/Core/Src/stm32f1xx_it.c.obj
LOAD CMakeFiles/f103vet6_learning_1.dir/Core/Src/stm32f1xx_hal_msp.c.obj
LOAD CMakeFiles/f103vet6_learning_1.dir/Core/Src/stm32f1xx_hal_timebase_tim.c.obj
LOAD CMakeFiles/f103vet6_learning_1.dir/Drivers/STM32F1xx_HAL_Driver/Src/stm32f1xx_hal_gpio_ex.c.obj
LOAD CMakeFiles/f103vet6_learning_1.dir/Drivers/STM32F1xx_HAL_Driver/Src/stm32f1xx_hal.c.obj
LOAD CMakeFiles/f103vet6_learning_1.dir/Drivers/STM32F1xx_HAL_Driver/Src/stm32f1xx_hal_rcc.c.obj
LOAD CMakeFiles/f103vet6_learning_1.dir/Drivers/STM32F1xx_HAL_Driver/Src/stm32f1xx_hal_rcc_ex.c.obj
LOAD CMakeFiles/f103vet6_learning_1.dir/Drivers/STM32F1xx_HAL_Driver/Src/stm32f1xx_hal_gpio.c.obj
LOAD CMakeFiles/f103vet6_learning_1.dir/Drivers/STM32F1xx_HAL_Driver/Src/stm32f1xx_hal_dma.c.obj
LOAD CMakeFiles/f103vet6_learning_1.dir/Drivers/STM32F1xx_HAL_Driver/Src/stm32f1xx_hal_cortex.c.obj
LOAD CMakeFiles/f103vet6_learning_1.dir/Drivers/STM32F1xx_HAL_Driver/Src/stm32f1xx_hal_pwr.c.obj
LOAD CMakeFiles/f103vet6_learning_1.dir/Drivers/STM32F1xx_HAL_Driver/Src/stm32f1xx_hal_flash.c.obj
LOAD CMakeFiles/f103vet6_learning_1.dir/Drivers/STM32F1xx_HAL_Driver/Src/stm32f1xx_hal_flash_ex.c.obj
LOAD CMakeFiles/f103vet6_learning_1.dir/Drivers/STM32F1xx_HAL_Driver/Src/stm32f1xx_hal_exti.c.obj
LOAD CMakeFiles/f103vet6_learning_1.dir/Drivers/STM32F1xx_HAL_Driver/Src/stm32f1xx_hal_i2c.c.obj
LOAD CMakeFiles/f103vet6_learning_1.dir/Drivers/STM32F1xx_HAL_Driver/Src/stm32f1xx_hal_tim.c.obj
LOAD CMakeFiles/f103vet6_learning_1.dir/Drivers/STM32F1xx_HAL_Driver/Src/stm32f1xx_hal_tim_ex.c.obj
LOAD CMakeFiles/f103vet6_learning_1.dir/Core/Src/system_stm32f1xx.c.obj
LOAD CMakeFiles/f103vet6_learning_1.dir/Middlewares/Third_Party/FreeRTOS/Source/croutine.c.obj
LOAD CMakeFiles/f103vet6_learning_1.dir/Middlewares/Third_Party/FreeRTOS/Source/event_groups.c.obj
LOAD CMakeFiles/f103vet6_learning_1.dir/Middlewares/Third_Party/FreeRTOS/Source/list.c.obj
LOAD CMakeFiles/f103vet6_learning_1.dir/Middlewares/Third_Party/FreeRTOS/Source/queue.c.obj
LOAD CMakeFiles/f103vet6_learning_1.dir/Middlewares/Third_Party/FreeRTOS/Source/stream_buffer.c.obj
LOAD CMakeFiles/f103vet6_learning_1.dir/Middlewares/Third_Party/FreeRTOS/Source/tasks.c.obj
LOAD CMakeFiles/f103vet6_learning_1.dir/Middlewares/Third_Party/FreeRTOS/Source/timers.c.obj
LOAD CMakeFiles/f103vet6_learning_1.dir/Middlewares/Third_Party/FreeRTOS/Source/CMSIS_RTOS_V2/cmsis_os2.c.obj
LOAD CMakeFiles/f103vet6_learning_1.dir/Middlewares/Third_Party/FreeRTOS/Source/portable/MemMang/heap_4.c.obj
LOAD CMakeFiles/f103vet6_learning_1.dir/Middlewares/Third_Party/FreeRTOS/Source/portable/GCC/ARM_CM3/port.c.obj
LOAD CMakeFiles/f103vet6_learning_1.dir/Core/Src/sysmem.c.obj
LOAD CMakeFiles/f103vet6_learning_1.dir/Core/Src/syscalls.c.obj
LOAD CMakeFiles/f103vet6_learning_1.dir/startup_stm32f103xe.s.obj
START GROUP
LOAD /opt/st/stm32cubeclt_1.15.1/GNU-tools-for-STM32/bin/../lib/gcc/arm-none-eabi/12.3.1/thumb/v7-m/nofp/libgcc.a
LOAD /opt/st/stm32cubeclt_1.15.1/GNU-tools-for-STM32/bin/../lib/gcc/arm-none-eabi/12.3.1/../../../../arm-none-eabi/lib/thumb/v7-m/nofp/libg_nano.a
LOAD /opt/st/stm32cubeclt_1.15.1/GNU-tools-for-STM32/bin/../lib/gcc/arm-none-eabi/12.3.1/../../../../arm-none-eabi/lib/thumb/v7-m/nofp/libc_nano.a
END GROUP
START GROUP
LOAD /opt/st/stm32cubeclt_1.15.1/GNU-tools-for-STM32/bin/../lib/gcc/arm-none-eabi/12.3.1/thumb/v7-m/nofp/libgcc.a
LOAD /opt/st/stm32cubeclt_1.15.1/GNU-tools-for-STM32/bin/../lib/gcc/arm-none-eabi/12.3.1/../../../../arm-none-eabi/lib/thumb/v7-m/nofp/libc_nano.a
END GROUP
LOAD /opt/st/stm32cubeclt_1.15.1/GNU-tools-for-STM32/bin/../lib/gcc/arm-none-eabi/12.3.1/thumb/v7-m/nofp/crtend.o
LOAD /opt/st/stm32cubeclt_1.15.1/GNU-tools-for-STM32/bin/../lib/gcc/arm-none-eabi/12.3.1/thumb/v7-m/nofp/crtn.o
                0x20010000                        _estack = (ORIGIN (RAM) + LENGTH (RAM))
                0x00000200                        _Min_Heap_Size = 0x200
                0x00000400                        _Min_Stack_Size = 0x400

.isr_vector     0x08000000      0x1e4
                0x08000000                        . = ALIGN (0x4)
 *(.isr_vector)
 .isr_vector    0x08000000      0x1e4 CMakeFiles/f103vet6_learning_1.dir/startup_stm32f103xe.s.obj
                0x08000000                g_pfnVectors
                0x080001e4                        . = ALIGN (0x4)

.text           0x080001f0     0x5530
                0x080001f0                        . = ALIGN (0x4)
 *(.text)
 .text          0x080001f0       0x40 /opt/st/stm32cubeclt_1.15.1/GNU-tools-for-STM32/bin/../lib/gcc/arm-none-eabi/12.3.1/thumb/v7-m/nofp/crtbegin.o
 *(.text*)
 .text.memset   0x08000230       0x10 /opt/st/stm32cubeclt_1.15.1/GNU-tools-for-STM32/bin/../lib/gcc/arm-none-eabi/12.3.1/../../../../arm-none-eabi/lib/thumb/v7-m/nofp/libc_nano.a(libc_a-memset.o)
                0x08000230                memset
 .text.__libc_init_array
                0x08000240       0x48 /opt/st/stm32cubeclt_1.15.1/GNU-tools-for-STM32/bin/../lib/gcc/arm-none-eabi/12.3.1/../../../../arm-none-eabi/lib/thumb/v7-m/nofp/libc_nano.a(libc_a-init.o)
                0x08000240                __libc_init_array
 .text.LED_Init
                0x08000288       0x64 CMakeFiles/f103vet6_learning_1.dir/Drivers/YeHuoDriver/driver_led.c.obj
                0x08000288                LED_Init
 .text.LED_Control
                0x080002ec       0xa0 CMakeFiles/f103vet6_learning_1.dir/Drivers/YeHuoDriver/driver_led.c.obj
                0x080002ec                LED_Control
 .text.LED_Test
                0x0800038c       0x6c CMakeFiles/f103vet6_learning_1.dir/Drivers/YeHuoDriver/driver_led.c.obj
                0x0800038c                LED_Test
 .text.udelay   0x080003f8       0x8c CMakeFiles/f103vet6_learning_1.dir/Drivers/YeHuoDriver/driver_timer.c.obj
                0x080003f8                udelay
 .text.mdelay   0x08000484       0x2e CMakeFiles/f103vet6_learning_1.dir/Drivers/YeHuoDriver/driver_timer.c.obj
                0x08000484                mdelay
 *fill*         0x080004b2        0x2 
 .text.OLED_Init
                0x080004b4       0x3c CMakeFiles/f103vet6_learning_1.dir/Drivers/YeHuoDriver/bsp.c.obj
                0x080004b4                OLED_Init
 .text.OLED_WR_CMD
                0x080004f0       0x30 CMakeFiles/f103vet6_learning_1.dir/Drivers/YeHuoDriver/bsp.c.obj
                0x080004f0                OLED_WR_CMD
 .text.OLED_WR_DATA
                0x08000520       0x30 CMakeFiles/f103vet6_learning_1.dir/Drivers/YeHuoDriver/bsp.c.obj
                0x08000520                OLED_WR_DATA
 .text.OLED_Clear
                0x08000550       0x54 CMakeFiles/f103vet6_learning_1.dir/Drivers/YeHuoDriver/bsp.c.obj
                0x08000550                OLED_Clear
 .text.OLED_Set_Pos
                0x080005a4       0x44 CMakeFiles/f103vet6_learning_1.dir/Drivers/YeHuoDriver/bsp.c.obj
                0x080005a4                OLED_Set_Pos
 .text.oled_pow
                0x080005e8       0x36 CMakeFiles/f103vet6_learning_1.dir/Drivers/YeHuoDriver/bsp.c.obj
                0x080005e8                oled_pow
 *fill*         0x0800061e        0x2 
 .text.OLED_ShowChar
                0x08000620      0x160 CMakeFiles/f103vet6_learning_1.dir/Drivers/YeHuoDriver/bsp.c.obj
                0x08000620                OLED_ShowChar
 .text.OLED_ShowString
                0x08000780       0x92 CMakeFiles/f103vet6_learning_1.dir/Drivers/YeHuoDriver/bsp.c.obj
                0x08000780                OLED_ShowString
 *fill*         0x08000812        0x2 
 .text.OLED_ShowNum
                0x08000814       0xe4 CMakeFiles/f103vet6_learning_1.dir/Drivers/YeHuoDriver/bsp.c.obj
                0x08000814                OLED_ShowNum
 .text.OLED_ShowCHinese
                0x080008f8       0xe4 CMakeFiles/f103vet6_learning_1.dir/Drivers/YeHuoDriver/bsp.c.obj
                0x080008f8                OLED_ShowCHinese
 .text.OLED_DrawBMP
                0x080009dc       0xb8 CMakeFiles/f103vet6_learning_1.dir/Drivers/YeHuoDriver/bsp.c.obj
                0x080009dc                OLED_DrawBMP
 .text.OLED_HorizontalShift
                0x08000a94       0x4a CMakeFiles/f103vet6_learning_1.dir/Drivers/YeHuoDriver/bsp.c.obj
                0x08000a94                OLED_HorizontalShift
 .text.main     0x08000ade       0x24 CMakeFiles/f103vet6_learning_1.dir/Core/Src/main.c.obj
                0x08000ade                main
 .text.SystemClock_Config
                0x08000b02       0x8a CMakeFiles/f103vet6_learning_1.dir/Core/Src/main.c.obj
                0x08000b02                SystemClock_Config
 .text.HAL_TIM_PeriodElapsedCallback
                0x08000b8c       0x24 CMakeFiles/f103vet6_learning_1.dir/Core/Src/main.c.obj
                0x08000b8c                HAL_TIM_PeriodElapsedCallback
 .text.Error_Handler
                0x08000bb0        0xc CMakeFiles/f103vet6_learning_1.dir/Core/Src/main.c.obj
                0x08000bb0                Error_Handler
 .text.MX_GPIO_Init
                0x08000bbc       0x94 CMakeFiles/f103vet6_learning_1.dir/Core/Src/gpio.c.obj
                0x08000bbc                MX_GPIO_Init
 .text.myTask   0x08000c50       0xe0 CMakeFiles/f103vet6_learning_1.dir/Core/Src/freertos.c.obj
                0x08000c50                myTask
 .text.MX_FREERTOS_Init
                0x08000d30       0x44 CMakeFiles/f103vet6_learning_1.dir/Core/Src/freertos.c.obj
                0x08000d30                MX_FREERTOS_Init
 .text.StartDefaultTask
                0x08000d74       0x16 CMakeFiles/f103vet6_learning_1.dir/Core/Src/freertos.c.obj
                0x08000d74                StartDefaultTask
 *fill*         0x08000d8a        0x2 
 .text.MX_I2C1_Init
                0x08000d8c       0x5c CMakeFiles/f103vet6_learning_1.dir/Core/Src/i2c.c.obj
                0x08000d8c                MX_I2C1_Init
 .text.HAL_I2C_MspInit
                0x08000de8       0x7c CMakeFiles/f103vet6_learning_1.dir/Core/Src/i2c.c.obj
                0x08000de8                HAL_I2C_MspInit
 .text.NMI_Handler
                0x08000e64        0x8 CMakeFiles/f103vet6_learning_1.dir/Core/Src/stm32f1xx_it.c.obj
                0x08000e64                NMI_Handler
 .text.HardFault_Handler
                0x08000e6c        0x8 CMakeFiles/f103vet6_learning_1.dir/Core/Src/stm32f1xx_it.c.obj
                0x08000e6c                HardFault_Handler
 .text.MemManage_Handler
                0x08000e74        0x8 CMakeFiles/f103vet6_learning_1.dir/Core/Src/stm32f1xx_it.c.obj
                0x08000e74                MemManage_Handler
 .text.BusFault_Handler
                0x08000e7c        0x8 CMakeFiles/f103vet6_learning_1.dir/Core/Src/stm32f1xx_it.c.obj
                0x08000e7c                BusFault_Handler
 .text.UsageFault_Handler
                0x08000e84        0x8 CMakeFiles/f103vet6_learning_1.dir/Core/Src/stm32f1xx_it.c.obj
                0x08000e84                UsageFault_Handler
 .text.DebugMon_Handler
                0x08000e8c        0xc CMakeFiles/f103vet6_learning_1.dir/Core/Src/stm32f1xx_it.c.obj
                0x08000e8c                DebugMon_Handler
 .text.TIM4_IRQHandler
                0x08000e98       0x14 CMakeFiles/f103vet6_learning_1.dir/Core/Src/stm32f1xx_it.c.obj
                0x08000e98                TIM4_IRQHandler
 .text.HAL_MspInit
                0x08000eac       0x70 CMakeFiles/f103vet6_learning_1.dir/Core/Src/stm32f1xx_hal_msp.c.obj
                0x08000eac                HAL_MspInit
 .text.HAL_InitTick
                0x08000f1c       0xfc CMakeFiles/f103vet6_learning_1.dir/Core/Src/stm32f1xx_hal_timebase_tim.c.obj
                0x08000f1c                HAL_InitTick
 .text.HAL_Init
                0x08001018       0x2c CMakeFiles/f103vet6_learning_1.dir/Drivers/STM32F1xx_HAL_Driver/Src/stm32f1xx_hal.c.obj
                0x08001018                HAL_Init
 .text.HAL_IncTick
                0x08001044       0x24 CMakeFiles/f103vet6_learning_1.dir/Drivers/STM32F1xx_HAL_Driver/Src/stm32f1xx_hal.c.obj
                0x08001044                HAL_IncTick
 .text.HAL_GetTick
                0x08001068       0x14 CMakeFiles/f103vet6_learning_1.dir/Drivers/STM32F1xx_HAL_Driver/Src/stm32f1xx_hal.c.obj
                0x08001068                HAL_GetTick
 .text.HAL_Delay
                0x0800107c       0x48 CMakeFiles/f103vet6_learning_1.dir/Drivers/STM32F1xx_HAL_Driver/Src/stm32f1xx_hal.c.obj
                0x0800107c                HAL_Delay
 .text.HAL_RCC_OscConfig
                0x080010c4      0x504 CMakeFiles/f103vet6_learning_1.dir/Drivers/STM32F1xx_HAL_Driver/Src/stm32f1xx_hal_rcc.c.obj
                0x080010c4                HAL_RCC_OscConfig
 .text.HAL_RCC_ClockConfig
                0x080015c8      0x1d4 CMakeFiles/f103vet6_learning_1.dir/Drivers/STM32F1xx_HAL_Driver/Src/stm32f1xx_hal_rcc.c.obj
                0x080015c8                HAL_RCC_ClockConfig
 .text.HAL_RCC_GetSysClockFreq
                0x0800179c       0xa8 CMakeFiles/f103vet6_learning_1.dir/Drivers/STM32F1xx_HAL_Driver/Src/stm32f1xx_hal_rcc.c.obj
                0x0800179c                HAL_RCC_GetSysClockFreq
 .text.HAL_RCC_GetHCLKFreq
                0x08001844       0x14 CMakeFiles/f103vet6_learning_1.dir/Drivers/STM32F1xx_HAL_Driver/Src/stm32f1xx_hal_rcc.c.obj
                0x08001844                HAL_RCC_GetHCLKFreq
 .text.HAL_RCC_GetPCLK1Freq
                0x08001858       0x28 CMakeFiles/f103vet6_learning_1.dir/Drivers/STM32F1xx_HAL_Driver/Src/stm32f1xx_hal_rcc.c.obj
                0x08001858                HAL_RCC_GetPCLK1Freq
 .text.HAL_RCC_GetClockConfig
                0x08001880       0x60 CMakeFiles/f103vet6_learning_1.dir/Drivers/STM32F1xx_HAL_Driver/Src/stm32f1xx_hal_rcc.c.obj
                0x08001880                HAL_RCC_GetClockConfig
 .text.RCC_Delay
                0x080018e0       0x3c CMakeFiles/f103vet6_learning_1.dir/Drivers/STM32F1xx_HAL_Driver/Src/stm32f1xx_hal_rcc.c.obj
 .text.HAL_GPIO_Init
                0x0800191c      0x328 CMakeFiles/f103vet6_learning_1.dir/Drivers/STM32F1xx_HAL_Driver/Src/stm32f1xx_hal_gpio.c.obj
                0x0800191c                HAL_GPIO_Init
 .text.HAL_GPIO_WritePin
                0x08001c44       0x30 CMakeFiles/f103vet6_learning_1.dir/Drivers/STM32F1xx_HAL_Driver/Src/stm32f1xx_hal_gpio.c.obj
                0x08001c44                HAL_GPIO_WritePin
 .text.__NVIC_SetPriorityGrouping
                0x08001c74       0x48 CMakeFiles/f103vet6_learning_1.dir/Drivers/STM32F1xx_HAL_Driver/Src/stm32f1xx_hal_cortex.c.obj
 .text.__NVIC_GetPriorityGrouping
                0x08001cbc       0x1c CMakeFiles/f103vet6_learning_1.dir/Drivers/STM32F1xx_HAL_Driver/Src/stm32f1xx_hal_cortex.c.obj
 .text.__NVIC_EnableIRQ
                0x08001cd8       0x38 CMakeFiles/f103vet6_learning_1.dir/Drivers/STM32F1xx_HAL_Driver/Src/stm32f1xx_hal_cortex.c.obj
 .text.__NVIC_SetPriority
                0x08001d10       0x54 CMakeFiles/f103vet6_learning_1.dir/Drivers/STM32F1xx_HAL_Driver/Src/stm32f1xx_hal_cortex.c.obj
 .text.NVIC_EncodePriority
                0x08001d64       0x64 CMakeFiles/f103vet6_learning_1.dir/Drivers/STM32F1xx_HAL_Driver/Src/stm32f1xx_hal_cortex.c.obj
 .text.HAL_NVIC_SetPriorityGrouping
                0x08001dc8       0x16 CMakeFiles/f103vet6_learning_1.dir/Drivers/STM32F1xx_HAL_Driver/Src/stm32f1xx_hal_cortex.c.obj
                0x08001dc8                HAL_NVIC_SetPriorityGrouping
 .text.HAL_NVIC_SetPriority
                0x08001dde       0x38 CMakeFiles/f103vet6_learning_1.dir/Drivers/STM32F1xx_HAL_Driver/Src/stm32f1xx_hal_cortex.c.obj
                0x08001dde                HAL_NVIC_SetPriority
 .text.HAL_NVIC_EnableIRQ
                0x08001e16       0x1c CMakeFiles/f103vet6_learning_1.dir/Drivers/STM32F1xx_HAL_Driver/Src/stm32f1xx_hal_cortex.c.obj
                0x08001e16                HAL_NVIC_EnableIRQ
 *fill*         0x08001e32        0x2 
 .text.HAL_I2C_Init
                0x08001e34      0x288 CMakeFiles/f103vet6_learning_1.dir/Drivers/STM32F1xx_HAL_Driver/Src/stm32f1xx_hal_i2c.c.obj
                0x08001e34                HAL_I2C_Init
 .text.HAL_I2C_Mem_Write
                0x080020bc      0x1f4 CMakeFiles/f103vet6_learning_1.dir/Drivers/STM32F1xx_HAL_Driver/Src/stm32f1xx_hal_i2c.c.obj
                0x080020bc                HAL_I2C_Mem_Write
 .text.I2C_RequestMemoryWrite
                0x080022b0      0x12c CMakeFiles/f103vet6_learning_1.dir/Drivers/STM32F1xx_HAL_Driver/Src/stm32f1xx_hal_i2c.c.obj
 .text.I2C_WaitOnFlagUntilTimeout
                0x080023dc       0xf4 CMakeFiles/f103vet6_learning_1.dir/Drivers/STM32F1xx_HAL_Driver/Src/stm32f1xx_hal_i2c.c.obj
 .text.I2C_WaitOnMasterAddressFlagUntilTimeout
                0x080024d0      0x140 CMakeFiles/f103vet6_learning_1.dir/Drivers/STM32F1xx_HAL_Driver/Src/stm32f1xx_hal_i2c.c.obj
 .text.I2C_WaitOnTXEFlagUntilTimeout
                0x08002610       0x90 CMakeFiles/f103vet6_learning_1.dir/Drivers/STM32F1xx_HAL_Driver/Src/stm32f1xx_hal_i2c.c.obj
 .text.I2C_WaitOnBTFFlagUntilTimeout
                0x080026a0       0x90 CMakeFiles/f103vet6_learning_1.dir/Drivers/STM32F1xx_HAL_Driver/Src/stm32f1xx_hal_i2c.c.obj
 .text.I2C_IsAcknowledgeFailed
                0x08002730       0x5c CMakeFiles/f103vet6_learning_1.dir/Drivers/STM32F1xx_HAL_Driver/Src/stm32f1xx_hal_i2c.c.obj
 .text.HAL_TIM_Base_Init
                0x0800278c       0x9e CMakeFiles/f103vet6_learning_1.dir/Drivers/STM32F1xx_HAL_Driver/Src/stm32f1xx_hal_tim.c.obj
                0x0800278c                HAL_TIM_Base_Init
 .text.HAL_TIM_Base_MspInit
                0x0800282a       0x12 CMakeFiles/f103vet6_learning_1.dir/Drivers/STM32F1xx_HAL_Driver/Src/stm32f1xx_hal_tim.c.obj
                0x0800282a                HAL_TIM_Base_MspInit
 .text.HAL_TIM_Base_Start_IT
                0x0800283c       0xc0 CMakeFiles/f103vet6_learning_1.dir/Drivers/STM32F1xx_HAL_Driver/Src/stm32f1xx_hal_tim.c.obj
                0x0800283c                HAL_TIM_Base_Start_IT
 .text.HAL_TIM_IRQHandler
                0x080028fc      0x210 CMakeFiles/f103vet6_learning_1.dir/Drivers/STM32F1xx_HAL_Driver/Src/stm32f1xx_hal_tim.c.obj
                0x080028fc                HAL_TIM_IRQHandler
 .text.HAL_TIM_OC_DelayElapsedCallback
                0x08002b0c       0x12 CMakeFiles/f103vet6_learning_1.dir/Drivers/STM32F1xx_HAL_Driver/Src/stm32f1xx_hal_tim.c.obj
                0x08002b0c                HAL_TIM_OC_DelayElapsedCallback
 .text.HAL_TIM_IC_CaptureCallback
                0x08002b1e       0x12 CMakeFiles/f103vet6_learning_1.dir/Drivers/STM32F1xx_HAL_Driver/Src/stm32f1xx_hal_tim.c.obj
                0x08002b1e                HAL_TIM_IC_CaptureCallback
 .text.HAL_TIM_PWM_PulseFinishedCallback
                0x08002b30       0x12 CMakeFiles/f103vet6_learning_1.dir/Drivers/STM32F1xx_HAL_Driver/Src/stm32f1xx_hal_tim.c.obj
                0x08002b30                HAL_TIM_PWM_PulseFinishedCallback
 .text.HAL_TIM_TriggerCallback
                0x08002b42       0x12 CMakeFiles/f103vet6_learning_1.dir/Drivers/STM32F1xx_HAL_Driver/Src/stm32f1xx_hal_tim.c.obj
                0x08002b42                HAL_TIM_TriggerCallback
 .text.TIM_Base_SetConfig
                0x08002b54       0xf4 CMakeFiles/f103vet6_learning_1.dir/Drivers/STM32F1xx_HAL_Driver/Src/stm32f1xx_hal_tim.c.obj
                0x08002b54                TIM_Base_SetConfig
 .text.HAL_TIMEx_CommutCallback
                0x08002c48       0x12 CMakeFiles/f103vet6_learning_1.dir/Drivers/STM32F1xx_HAL_Driver/Src/stm32f1xx_hal_tim_ex.c.obj
                0x08002c48                HAL_TIMEx_CommutCallback
 .text.HAL_TIMEx_BreakCallback
                0x08002c5a       0x12 CMakeFiles/f103vet6_learning_1.dir/Drivers/STM32F1xx_HAL_Driver/Src/stm32f1xx_hal_tim_ex.c.obj
                0x08002c5a                HAL_TIMEx_BreakCallback
 .text.SystemInit
                0x08002c6c        0xc CMakeFiles/f103vet6_learning_1.dir/Core/Src/system_stm32f1xx.c.obj
                0x08002c6c                SystemInit
 .text.vListInitialise
                0x08002c78       0x3e CMakeFiles/f103vet6_learning_1.dir/Middlewares/Third_Party/FreeRTOS/Source/list.c.obj
                0x08002c78                vListInitialise
 .text.vListInitialiseItem
                0x08002cb6       0x18 CMakeFiles/f103vet6_learning_1.dir/Middlewares/Third_Party/FreeRTOS/Source/list.c.obj
                0x08002cb6                vListInitialiseItem
 .text.vListInsertEnd
                0x08002cce       0x46 CMakeFiles/f103vet6_learning_1.dir/Middlewares/Third_Party/FreeRTOS/Source/list.c.obj
                0x08002cce                vListInsertEnd
 .text.vListInsert
                0x08002d14       0x70 CMakeFiles/f103vet6_learning_1.dir/Middlewares/Third_Party/FreeRTOS/Source/list.c.obj
                0x08002d14                vListInsert
 .text.uxListRemove
                0x08002d84       0x52 CMakeFiles/f103vet6_learning_1.dir/Middlewares/Third_Party/FreeRTOS/Source/list.c.obj
                0x08002d84                uxListRemove
 *fill*         0x08002dd6        0x2 
 .text.xQueueGenericReset
                0x08002dd8       0xd4 CMakeFiles/f103vet6_learning_1.dir/Middlewares/Third_Party/FreeRTOS/Source/queue.c.obj
                0x08002dd8                xQueueGenericReset
 .text.xQueueGenericCreateStatic
                0x08002eac       0xf8 CMakeFiles/f103vet6_learning_1.dir/Middlewares/Third_Party/FreeRTOS/Source/queue.c.obj
                0x08002eac                xQueueGenericCreateStatic
 .text.prvInitialiseNewQueue
                0x08002fa4       0x46 CMakeFiles/f103vet6_learning_1.dir/Middlewares/Third_Party/FreeRTOS/Source/queue.c.obj
 *fill*         0x08002fea        0x2 
 .text.xQueueGenericSend
                0x08002fec      0x204 CMakeFiles/f103vet6_learning_1.dir/Middlewares/Third_Party/FreeRTOS/Source/queue.c.obj
                0x08002fec                xQueueGenericSend
 .text.xQueueGenericSendFromISR
                0x080031f0      0x136 CMakeFiles/f103vet6_learning_1.dir/Middlewares/Third_Party/FreeRTOS/Source/queue.c.obj
                0x080031f0                xQueueGenericSendFromISR
 *fill*         0x08003326        0x2 
 .text.xQueueReceive
                0x08003328      0x1c4 CMakeFiles/f103vet6_learning_1.dir/Middlewares/Third_Party/FreeRTOS/Source/queue.c.obj
                0x08003328                xQueueReceive
 .text.prvCopyDataToQueue
                0x080034ec       0xd4 CMakeFiles/f103vet6_learning_1.dir/Middlewares/Third_Party/FreeRTOS/Source/queue.c.obj
 .text.prvCopyDataFromQueue
                0x080035c0       0x4c CMakeFiles/f103vet6_learning_1.dir/Middlewares/Third_Party/FreeRTOS/Source/queue.c.obj
 .text.prvUnlockQueue
                0x0800360c       0xa4 CMakeFiles/f103vet6_learning_1.dir/Middlewares/Third_Party/FreeRTOS/Source/queue.c.obj
 .text.prvIsQueueEmpty
                0x080036b0       0x2c CMakeFiles/f103vet6_learning_1.dir/Middlewares/Third_Party/FreeRTOS/Source/queue.c.obj
 .text.prvIsQueueFull
                0x080036dc       0x30 CMakeFiles/f103vet6_learning_1.dir/Middlewares/Third_Party/FreeRTOS/Source/queue.c.obj
 .text.vQueueAddToRegistry
                0x0800370c       0x50 CMakeFiles/f103vet6_learning_1.dir/Middlewares/Third_Party/FreeRTOS/Source/queue.c.obj
                0x0800370c                vQueueAddToRegistry
 .text.vQueueWaitForMessageRestricted
                0x0800375c       0x68 CMakeFiles/f103vet6_learning_1.dir/Middlewares/Third_Party/FreeRTOS/Source/queue.c.obj
                0x0800375c                vQueueWaitForMessageRestricted
 .text.xTaskCreateStatic
                0x080037c4       0xbe CMakeFiles/f103vet6_learning_1.dir/Middlewares/Third_Party/FreeRTOS/Source/tasks.c.obj
                0x080037c4                xTaskCreateStatic
 .text.xTaskCreate
                0x08003882       0x8a CMakeFiles/f103vet6_learning_1.dir/Middlewares/Third_Party/FreeRTOS/Source/tasks.c.obj
                0x08003882                xTaskCreate
 .text.prvInitialiseNewTask
                0x0800390c      0x110 CMakeFiles/f103vet6_learning_1.dir/Middlewares/Third_Party/FreeRTOS/Source/tasks.c.obj
 .text.prvAddNewTaskToReadyList
                0x08003a1c       0xe0 CMakeFiles/f103vet6_learning_1.dir/Middlewares/Third_Party/FreeRTOS/Source/tasks.c.obj
 .text.vTaskDelay
                0x08003afc       0x6c CMakeFiles/f103vet6_learning_1.dir/Middlewares/Third_Party/FreeRTOS/Source/tasks.c.obj
                0x08003afc                vTaskDelay
 .text.vTaskStartScheduler
                0x08003b68       0xd0 CMakeFiles/f103vet6_learning_1.dir/Middlewares/Third_Party/FreeRTOS/Source/tasks.c.obj
                0x08003b68                vTaskStartScheduler
 .text.vTaskSuspendAll
                0x08003c38       0x1c CMakeFiles/f103vet6_learning_1.dir/Middlewares/Third_Party/FreeRTOS/Source/tasks.c.obj
                0x08003c38                vTaskSuspendAll
 .text.xTaskResumeAll
                0x08003c54      0x13c CMakeFiles/f103vet6_learning_1.dir/Middlewares/Third_Party/FreeRTOS/Source/tasks.c.obj
                0x08003c54                xTaskResumeAll
 .text.xTaskGetTickCount
                0x08003d90       0x1c CMakeFiles/f103vet6_learning_1.dir/Middlewares/Third_Party/FreeRTOS/Source/tasks.c.obj
                0x08003d90                xTaskGetTickCount
 .text.xTaskIncrementTick
                0x08003dac      0x180 CMakeFiles/f103vet6_learning_1.dir/Middlewares/Third_Party/FreeRTOS/Source/tasks.c.obj
                0x08003dac                xTaskIncrementTick
 .text.vTaskSwitchContext
                0x08003f2c       0xbc CMakeFiles/f103vet6_learning_1.dir/Middlewares/Third_Party/FreeRTOS/Source/tasks.c.obj
                0x08003f2c                vTaskSwitchContext
 .text.vTaskPlaceOnEventList
                0x08003fe8       0x4c CMakeFiles/f103vet6_learning_1.dir/Middlewares/Third_Party/FreeRTOS/Source/tasks.c.obj
                0x08003fe8                vTaskPlaceOnEventList
 .text.vTaskPlaceOnEventListRestricted
                0x08004034       0x58 CMakeFiles/f103vet6_learning_1.dir/Middlewares/Third_Party/FreeRTOS/Source/tasks.c.obj
                0x08004034                vTaskPlaceOnEventListRestricted
 .text.xTaskRemoveFromEventList
                0x0800408c       0xc8 CMakeFiles/f103vet6_learning_1.dir/Middlewares/Third_Party/FreeRTOS/Source/tasks.c.obj
                0x0800408c                xTaskRemoveFromEventList
 .text.vTaskInternalSetTimeOutState
                0x08004154       0x2c CMakeFiles/f103vet6_learning_1.dir/Middlewares/Third_Party/FreeRTOS/Source/tasks.c.obj
                0x08004154                vTaskInternalSetTimeOutState
 .text.xTaskCheckForTimeOut
                0x08004180       0xc8 CMakeFiles/f103vet6_learning_1.dir/Middlewares/Third_Party/FreeRTOS/Source/tasks.c.obj
                0x08004180                xTaskCheckForTimeOut
 .text.vTaskMissedYield
                0x08004248       0x18 CMakeFiles/f103vet6_learning_1.dir/Middlewares/Third_Party/FreeRTOS/Source/tasks.c.obj
                0x08004248                vTaskMissedYield
 .text.prvIdleTask
                0x08004260       0x30 CMakeFiles/f103vet6_learning_1.dir/Middlewares/Third_Party/FreeRTOS/Source/tasks.c.obj
 .text.prvInitialiseTaskLists
                0x08004290       0x80 CMakeFiles/f103vet6_learning_1.dir/Middlewares/Third_Party/FreeRTOS/Source/tasks.c.obj
 .text.prvCheckTasksWaitingTermination
                0x08004310       0x5c CMakeFiles/f103vet6_learning_1.dir/Middlewares/Third_Party/FreeRTOS/Source/tasks.c.obj
 .text.prvDeleteTCB
                0x0800436c       0x60 CMakeFiles/f103vet6_learning_1.dir/Middlewares/Third_Party/FreeRTOS/Source/tasks.c.obj
 .text.prvResetNextTaskUnblockTime
                0x080043cc       0x48 CMakeFiles/f103vet6_learning_1.dir/Middlewares/Third_Party/FreeRTOS/Source/tasks.c.obj
 .text.xTaskGetSchedulerState
                0x08004414       0x3c CMakeFiles/f103vet6_learning_1.dir/Middlewares/Third_Party/FreeRTOS/Source/tasks.c.obj
                0x08004414                xTaskGetSchedulerState
 .text.xTaskPriorityDisinherit
                0x08004450       0xe0 CMakeFiles/f103vet6_learning_1.dir/Middlewares/Third_Party/FreeRTOS/Source/tasks.c.obj
                0x08004450                xTaskPriorityDisinherit
 .text.prvAddCurrentTaskToDelayedList
                0x08004530       0xa8 CMakeFiles/f103vet6_learning_1.dir/Middlewares/Third_Party/FreeRTOS/Source/tasks.c.obj
 .text.xTimerCreateTimerTask
                0x080045d8       0x94 CMakeFiles/f103vet6_learning_1.dir/Middlewares/Third_Party/FreeRTOS/Source/timers.c.obj
                0x080045d8                xTimerCreateTimerTask
 .text.xTimerGenericCommand
                0x0800466c       0x9c CMakeFiles/f103vet6_learning_1.dir/Middlewares/Third_Party/FreeRTOS/Source/timers.c.obj
                0x0800466c                xTimerGenericCommand
 .text.prvProcessExpiredTimer
                0x08004708       0x84 CMakeFiles/f103vet6_learning_1.dir/Middlewares/Third_Party/FreeRTOS/Source/timers.c.obj
 .text.prvTimerTask
                0x0800478c       0x26 CMakeFiles/f103vet6_learning_1.dir/Middlewares/Third_Party/FreeRTOS/Source/timers.c.obj
 *fill*         0x080047b2        0x2 
 .text.prvProcessTimerOrBlockTask
                0x080047b4       0x9c CMakeFiles/f103vet6_learning_1.dir/Middlewares/Third_Party/FreeRTOS/Source/timers.c.obj
 .text.prvGetNextExpireTime
                0x08004850       0x48 CMakeFiles/f103vet6_learning_1.dir/Middlewares/Third_Party/FreeRTOS/Source/timers.c.obj
 .text.prvSampleTimeNow
                0x08004898       0x40 CMakeFiles/f103vet6_learning_1.dir/Middlewares/Third_Party/FreeRTOS/Source/timers.c.obj
 .text.prvInsertTimerInActiveList
                0x080048d8       0x84 CMakeFiles/f103vet6_learning_1.dir/Middlewares/Third_Party/FreeRTOS/Source/timers.c.obj
 .text.prvProcessReceivedCommands
                0x0800495c      0x178 CMakeFiles/f103vet6_learning_1.dir/Middlewares/Third_Party/FreeRTOS/Source/timers.c.obj
 .text.prvSwitchTimerLists
                0x08004ad4       0xc4 CMakeFiles/f103vet6_learning_1.dir/Middlewares/Third_Party/FreeRTOS/Source/timers.c.obj
 .text.prvCheckForValidListAndQueue
                0x08004b98       0x80 CMakeFiles/f103vet6_learning_1.dir/Middlewares/Third_Party/FreeRTOS/Source/timers.c.obj
 .text.osKernelInitialize
                0x08004c18       0x64 CMakeFiles/f103vet6_learning_1.dir/Middlewares/Third_Party/FreeRTOS/Source/CMSIS_RTOS_V2/cmsis_os2.c.obj
                0x08004c18                osKernelInitialize
 .text.osKernelStart
                0x08004c7c       0x68 CMakeFiles/f103vet6_learning_1.dir/Middlewares/Third_Party/FreeRTOS/Source/CMSIS_RTOS_V2/cmsis_os2.c.obj
                0x08004c7c                osKernelStart
 .text.osThreadNew
                0x08004ce4      0x154 CMakeFiles/f103vet6_learning_1.dir/Middlewares/Third_Party/FreeRTOS/Source/CMSIS_RTOS_V2/cmsis_os2.c.obj
                0x08004ce4                osThreadNew
 .text.osDelay  0x08004e38       0x5c CMakeFiles/f103vet6_learning_1.dir/Middlewares/Third_Party/FreeRTOS/Source/CMSIS_RTOS_V2/cmsis_os2.c.obj
                0x08004e38                osDelay
 .text.vApplicationGetIdleTaskMemory
                0x08004e94       0x30 CMakeFiles/f103vet6_learning_1.dir/Middlewares/Third_Party/FreeRTOS/Source/CMSIS_RTOS_V2/cmsis_os2.c.obj
                0x08004e94                vApplicationGetIdleTaskMemory
 .text.vApplicationGetTimerTaskMemory
                0x08004ec4       0x34 CMakeFiles/f103vet6_learning_1.dir/Middlewares/Third_Party/FreeRTOS/Source/CMSIS_RTOS_V2/cmsis_os2.c.obj
                0x08004ec4                vApplicationGetTimerTaskMemory
 .text.pvPortMalloc
                0x08004ef8      0x190 CMakeFiles/f103vet6_learning_1.dir/Middlewares/Third_Party/FreeRTOS/Source/portable/MemMang/heap_4.c.obj
                0x08004ef8                pvPortMalloc
 .text.vPortFree
                0x08005088       0xb8 CMakeFiles/f103vet6_learning_1.dir/Middlewares/Third_Party/FreeRTOS/Source/portable/MemMang/heap_4.c.obj
                0x08005088                vPortFree
 .text.prvHeapInit
                0x08005140       0xc4 CMakeFiles/f103vet6_learning_1.dir/Middlewares/Third_Party/FreeRTOS/Source/portable/MemMang/heap_4.c.obj
 .text.prvInsertBlockIntoFreeList
                0x08005204       0xb0 CMakeFiles/f103vet6_learning_1.dir/Middlewares/Third_Party/FreeRTOS/Source/portable/MemMang/heap_4.c.obj
 .text.pxPortInitialiseStack
                0x080052b4       0x58 CMakeFiles/f103vet6_learning_1.dir/Middlewares/Third_Party/FreeRTOS/Source/portable/GCC/ARM_CM3/port.c.obj
                0x080052b4                pxPortInitialiseStack
 .text.prvTaskExitError
                0x0800530c       0x58 CMakeFiles/f103vet6_learning_1.dir/Middlewares/Third_Party/FreeRTOS/Source/portable/GCC/ARM_CM3/port.c.obj
 *fill*         0x08005364        0xc 
 .text.SVC_Handler
                0x08005370       0x28 CMakeFiles/f103vet6_learning_1.dir/Middlewares/Third_Party/FreeRTOS/Source/portable/GCC/ARM_CM3/port.c.obj
                0x08005370                SVC_Handler
 .text.prvPortStartFirstTask
                0x08005398       0x20 CMakeFiles/f103vet6_learning_1.dir/Middlewares/Third_Party/FreeRTOS/Source/portable/GCC/ARM_CM3/port.c.obj
 .text.xPortStartScheduler
                0x080053b8       0xe4 CMakeFiles/f103vet6_learning_1.dir/Middlewares/Third_Party/FreeRTOS/Source/portable/GCC/ARM_CM3/port.c.obj
                0x080053b8                xPortStartScheduler
 .text.vPortEnterCritical
                0x0800549c       0x60 CMakeFiles/f103vet6_learning_1.dir/Middlewares/Third_Party/FreeRTOS/Source/portable/GCC/ARM_CM3/port.c.obj
                0x0800549c                vPortEnterCritical
 .text.vPortExitCritical
                0x080054fc       0x54 CMakeFiles/f103vet6_learning_1.dir/Middlewares/Third_Party/FreeRTOS/Source/portable/GCC/ARM_CM3/port.c.obj
                0x080054fc                vPortExitCritical
 .text.PendSV_Handler
                0x08005550       0x48 CMakeFiles/f103vet6_learning_1.dir/Middlewares/Third_Party/FreeRTOS/Source/portable/GCC/ARM_CM3/port.c.obj
                0x08005550                PendSV_Handler
 .text.SysTick_Handler
                0x08005598       0x44 CMakeFiles/f103vet6_learning_1.dir/Middlewares/Third_Party/FreeRTOS/Source/portable/GCC/ARM_CM3/port.c.obj
                0x08005598                SysTick_Handler
 .text.vPortSetupTimerInterrupt
                0x080055dc       0x44 CMakeFiles/f103vet6_learning_1.dir/Middlewares/Third_Party/FreeRTOS/Source/portable/GCC/ARM_CM3/port.c.obj
                0x080055dc                vPortSetupTimerInterrupt
 .text.vPortValidateInterruptPriority
                0x08005620       0x80 CMakeFiles/f103vet6_learning_1.dir/Middlewares/Third_Party/FreeRTOS/Source/portable/GCC/ARM_CM3/port.c.obj
                0x08005620                vPortValidateInterruptPriority
 .text.Reset_Handler
                0x080056a0       0x48 CMakeFiles/f103vet6_learning_1.dir/startup_stm32f103xe.s.obj
                0x080056a0                Reset_Handler
 .text.Default_Handler
                0x080056e8        0x2 CMakeFiles/f103vet6_learning_1.dir/startup_stm32f103xe.s.obj
                0x080056e8                RTC_Alarm_IRQHandler
                0x080056e8                EXTI2_IRQHandler
                0x080056e8                TIM8_TRG_COM_IRQHandler
                0x080056e8                TIM8_CC_IRQHandler
                0x080056e8                TIM1_CC_IRQHandler
                0x080056e8                TIM6_IRQHandler
                0x080056e8                PVD_IRQHandler
                0x080056e8                SDIO_IRQHandler
                0x080056e8                EXTI3_IRQHandler
                0x080056e8                EXTI0_IRQHandler
                0x080056e8                I2C2_EV_IRQHandler
                0x080056e8                ADC1_2_IRQHandler
                0x080056e8                SPI1_IRQHandler
                0x080056e8                TAMPER_IRQHandler
                0x080056e8                TIM8_UP_IRQHandler
                0x080056e8                DMA2_Channel2_IRQHandler
                0x080056e8                DMA1_Channel4_IRQHandler
                0x080056e8                USART3_IRQHandler
                0x080056e8                RTC_IRQHandler
                0x080056e8                DMA1_Channel7_IRQHandler
                0x080056e8                CAN1_RX1_IRQHandler
                0x080056e8                UART5_IRQHandler
                0x080056e8                ADC3_IRQHandler
                0x080056e8                DMA2_Channel1_IRQHandler
                0x080056e8                I2C1_EV_IRQHandler
                0x080056e8                DMA1_Channel6_IRQHandler
                0x080056e8                UART4_IRQHandler
                0x080056e8                TIM3_IRQHandler
                0x080056e8                RCC_IRQHandler
                0x080056e8                TIM1_TRG_COM_IRQHandler
                0x080056e8                DMA1_Channel1_IRQHandler
                0x080056e8                Default_Handler
                0x080056e8                EXTI15_10_IRQHandler
                0x080056e8                TIM7_IRQHandler
                0x080056e8                TIM5_IRQHandler
                0x080056e8                EXTI9_5_IRQHandler
                0x080056e8                SPI2_IRQHandler
                0x080056e8                DMA1_Channel5_IRQHandler
                0x080056e8                EXTI4_IRQHandler
                0x080056e8                USB_LP_CAN1_RX0_IRQHandler
                0x080056e8                USB_HP_CAN1_TX_IRQHandler
                0x080056e8                DMA1_Channel3_IRQHandler
                0x080056e8                FSMC_IRQHandler
                0x080056e8                TIM1_UP_IRQHandler
                0x080056e8                WWDG_IRQHandler
                0x080056e8                TIM2_IRQHandler
                0x080056e8                TIM1_BRK_IRQHandler
                0x080056e8                EXTI1_IRQHandler
                0x080056e8                DMA2_Channel4_5_IRQHandler
                0x080056e8                USART2_IRQHandler
                0x080056e8                I2C2_ER_IRQHandler
                0x080056e8                DMA1_Channel2_IRQHandler
                0x080056e8                TIM8_BRK_IRQHandler
                0x080056e8                CAN1_SCE_IRQHandler
                0x080056e8                FLASH_IRQHandler
                0x080056e8                USART1_IRQHandler
                0x080056e8                SPI3_IRQHandler
                0x080056e8                I2C1_ER_IRQHandler
                0x080056e8                USBWakeUp_IRQHandler
                0x080056e8                DMA2_Channel3_IRQHandler
 .text.memcpy   0x080056ea       0x1c /opt/st/stm32cubeclt_1.15.1/GNU-tools-for-STM32/bin/../lib/gcc/arm-none-eabi/12.3.1/../../../../arm-none-eabi/lib/thumb/v7-m/nofp/libg_nano.a(libc_a-memcpy-stub.o)
                0x080056ea                memcpy
 *(.glue_7)
 .glue_7        0x08005706        0x0 linker stubs
 *(.glue_7t)
 .glue_7t       0x08005706        0x0 linker stubs
 *(.eh_frame)
 *fill*         0x08005706        0x2 
 .eh_frame      0x08005708        0x0 /opt/st/stm32cubeclt_1.15.1/GNU-tools-for-STM32/bin/../lib/gcc/arm-none-eabi/12.3.1/thumb/v7-m/nofp/crtbegin.o
 *(.init)
 .init          0x08005708        0x4 /opt/st/stm32cubeclt_1.15.1/GNU-tools-for-STM32/bin/../lib/gcc/arm-none-eabi/12.3.1/thumb/v7-m/nofp/crti.o
                0x08005708                _init
 .init          0x0800570c        0x8 /opt/st/stm32cubeclt_1.15.1/GNU-tools-for-STM32/bin/../lib/gcc/arm-none-eabi/12.3.1/thumb/v7-m/nofp/crtn.o
 *(.fini)
 .fini          0x08005714        0x4 /opt/st/stm32cubeclt_1.15.1/GNU-tools-for-STM32/bin/../lib/gcc/arm-none-eabi/12.3.1/thumb/v7-m/nofp/crti.o
                0x08005714                _fini
 .fini          0x08005718        0x8 /opt/st/stm32cubeclt_1.15.1/GNU-tools-for-STM32/bin/../lib/gcc/arm-none-eabi/12.3.1/thumb/v7-m/nofp/crtn.o
                0x08005720                        . = ALIGN (0x4)
                0x08005720                        _etext = .

.vfp11_veneer   0x08005720        0x0
 .vfp11_veneer  0x08005720        0x0 linker stubs

.v4_bx          0x08005720        0x0
 .v4_bx         0x08005720        0x0 linker stubs

.iplt           0x08005720        0x0
 .iplt          0x08005720        0x0 /opt/st/stm32cubeclt_1.15.1/GNU-tools-for-STM32/bin/../lib/gcc/arm-none-eabi/12.3.1/thumb/v7-m/nofp/crtbegin.o

.rodata         0x08005720      0x964
                0x08005720                        . = ALIGN (0x4)
 *(.rodata)
 .rodata        0x08005720       0x34 CMakeFiles/f103vet6_learning_1.dir/Core/Src/freertos.c.obj
 .rodata        0x08005754        0x5 CMakeFiles/f103vet6_learning_1.dir/Middlewares/Third_Party/FreeRTOS/Source/tasks.c.obj
 *fill*         0x08005759        0x3 
 .rodata        0x0800575c        0xd CMakeFiles/f103vet6_learning_1.dir/Middlewares/Third_Party/FreeRTOS/Source/timers.c.obj
 *(.rodata*)
 *fill*         0x08005769        0x3 
 .rodata.F6x8   0x0800576c      0x228 CMakeFiles/f103vet6_learning_1.dir/Drivers/YeHuoDriver/oledfont.c.obj
                0x0800576c                F6x8
 .rodata.F8X16  0x08005994      0x5e0 CMakeFiles/f103vet6_learning_1.dir/Drivers/YeHuoDriver/oledfont.c.obj
                0x08005994                F8X16
 .rodata.Hzk    0x08005f74       0xc0 CMakeFiles/f103vet6_learning_1.dir/Drivers/YeHuoDriver/oledfont.c.obj
                0x08005f74                Hzk
 .rodata.defaultTask_attributes
                0x08006034       0x24 CMakeFiles/f103vet6_learning_1.dir/Core/Src/freertos.c.obj
                0x08006034                defaultTask_attributes
 .rodata.aPLLMULFactorTable.1
                0x08006058       0x10 CMakeFiles/f103vet6_learning_1.dir/Drivers/STM32F1xx_HAL_Driver/Src/stm32f1xx_hal_rcc.c.obj
 .rodata.aPredivFactorTable.0
                0x08006068        0x2 CMakeFiles/f103vet6_learning_1.dir/Drivers/STM32F1xx_HAL_Driver/Src/stm32f1xx_hal_rcc.c.obj
 *fill*         0x0800606a        0x2 
 .rodata.AHBPrescTable
                0x0800606c       0x10 CMakeFiles/f103vet6_learning_1.dir/Core/Src/system_stm32f1xx.c.obj
                0x0800606c                AHBPrescTable
 .rodata.APBPrescTable
                0x0800607c        0x8 CMakeFiles/f103vet6_learning_1.dir/Core/Src/system_stm32f1xx.c.obj
                0x0800607c                APBPrescTable
                0x08006084                        . = ALIGN (0x4)

.rel.dyn        0x08006084        0x0
 .rel.iplt      0x08006084        0x0 /opt/st/stm32cubeclt_1.15.1/GNU-tools-for-STM32/bin/../lib/gcc/arm-none-eabi/12.3.1/thumb/v7-m/nofp/crtbegin.o

.ARM.extab
 *(.ARM.extab* .gnu.linkonce.armextab.*)

.ARM            0x08006084        0x0
                0x08006084                        __exidx_start = .
 *(.ARM.exidx*)
                0x08006084                        __exidx_end = .

.preinit_array  0x08006084        0x0
                0x08006084                        PROVIDE (__preinit_array_start = .)
 *(.preinit_array*)
                0x08006084                        PROVIDE (__preinit_array_end = .)

.init_array     0x08006084        0x4
                0x08006084                        PROVIDE (__init_array_start = .)
 *(SORT_BY_NAME(.init_array.*))
 *(.init_array*)
 .init_array    0x08006084        0x4 /opt/st/stm32cubeclt_1.15.1/GNU-tools-for-STM32/bin/../lib/gcc/arm-none-eabi/12.3.1/thumb/v7-m/nofp/crtbegin.o
                0x08006088                        PROVIDE (__init_array_end = .)

.fini_array     0x08006088        0x4
                [!provide]                        PROVIDE (__fini_array_start = .)
 *(SORT_BY_NAME(.fini_array.*))
 *(.fini_array*)
 .fini_array    0x08006088        0x4 /opt/st/stm32cubeclt_1.15.1/GNU-tools-for-STM32/bin/../lib/gcc/arm-none-eabi/12.3.1/thumb/v7-m/nofp/crtbegin.o
                [!provide]                        PROVIDE (__fini_array_end = .)
                0x0800608c                        _sidata = LOADADDR (.data)

.data           0x20000000       0xa8 load address 0x0800608c
                0x20000000                        . = ALIGN (0x4)
                0x20000000                        _sdata = .
 *(.data)
 *(.data*)
 .data.BMP1     0x20000000       0x80 CMakeFiles/f103vet6_learning_1.dir/Drivers/YeHuoDriver/oledfont.c.obj
                0x20000000                BMP1
 .data.CMD_Data
                0x20000080       0x17 CMakeFiles/f103vet6_learning_1.dir/Drivers/YeHuoDriver/bsp.c.obj
                0x20000080                CMD_Data
 *fill*         0x20000097        0x1 
 .data.uwTickPrio
                0x20000098        0x4 CMakeFiles/f103vet6_learning_1.dir/Drivers/STM32F1xx_HAL_Driver/Src/stm32f1xx_hal.c.obj
                0x20000098                uwTickPrio
 .data.uwTickFreq
                0x2000009c        0x1 CMakeFiles/f103vet6_learning_1.dir/Drivers/STM32F1xx_HAL_Driver/Src/stm32f1xx_hal.c.obj
                0x2000009c                uwTickFreq
 *fill*         0x2000009d        0x3 
 .data.SystemCoreClock
                0x200000a0        0x4 CMakeFiles/f103vet6_learning_1.dir/Core/Src/system_stm32f1xx.c.obj
                0x200000a0                SystemCoreClock
 .data.uxCriticalNesting
                0x200000a4        0x4 CMakeFiles/f103vet6_learning_1.dir/Middlewares/Third_Party/FreeRTOS/Source/portable/GCC/ARM_CM3/port.c.obj
                0x200000a8                        . = ALIGN (0x4)
                0x200000a8                        _edata = .

.igot.plt       0x200000a8        0x0 load address 0x08006134
 .igot.plt      0x200000a8        0x0 /opt/st/stm32cubeclt_1.15.1/GNU-tools-for-STM32/bin/../lib/gcc/arm-none-eabi/12.3.1/thumb/v7-m/nofp/crtbegin.o
                0x200000a8                        . = ALIGN (0x4)

.bss            0x200000a8     0x1a08 load address 0x08006134
                0x200000a8                        _sbss = .
                0x200000a8                        __bss_start__ = _sbss
 *(.bss)
 .bss           0x200000a8       0x1c /opt/st/stm32cubeclt_1.15.1/GNU-tools-for-STM32/bin/../lib/gcc/arm-none-eabi/12.3.1/thumb/v7-m/nofp/crtbegin.o
 *(.bss*)
 .bss.defaultTaskHandle
                0x200000c4        0x4 CMakeFiles/f103vet6_learning_1.dir/Core/Src/freertos.c.obj
                0x200000c4                defaultTaskHandle
 .bss.hi2c1     0x200000c8       0x54 CMakeFiles/f103vet6_learning_1.dir/Core/Src/i2c.c.obj
                0x200000c8                hi2c1
 .bss.htim4     0x2000011c       0x48 CMakeFiles/f103vet6_learning_1.dir/Core/Src/stm32f1xx_hal_timebase_tim.c.obj
                0x2000011c                htim4
 .bss.uwTick    0x20000164        0x4 CMakeFiles/f103vet6_learning_1.dir/Drivers/STM32F1xx_HAL_Driver/Src/stm32f1xx_hal.c.obj
                0x20000164                uwTick
 .bss.xQueueRegistry
                0x20000168       0x40 CMakeFiles/f103vet6_learning_1.dir/Middlewares/Third_Party/FreeRTOS/Source/queue.c.obj
                0x20000168                xQueueRegistry
 .bss.pxCurrentTCB
                0x200001a8        0x4 CMakeFiles/f103vet6_learning_1.dir/Middlewares/Third_Party/FreeRTOS/Source/tasks.c.obj
                0x200001a8                pxCurrentTCB
 .bss.pxReadyTasksLists
                0x200001ac      0x460 CMakeFiles/f103vet6_learning_1.dir/Middlewares/Third_Party/FreeRTOS/Source/tasks.c.obj
 .bss.xDelayedTaskList1
                0x2000060c       0x14 CMakeFiles/f103vet6_learning_1.dir/Middlewares/Third_Party/FreeRTOS/Source/tasks.c.obj
 .bss.xDelayedTaskList2
                0x20000620       0x14 CMakeFiles/f103vet6_learning_1.dir/Middlewares/Third_Party/FreeRTOS/Source/tasks.c.obj
 .bss.pxDelayedTaskList
                0x20000634        0x4 CMakeFiles/f103vet6_learning_1.dir/Middlewares/Third_Party/FreeRTOS/Source/tasks.c.obj
 .bss.pxOverflowDelayedTaskList
                0x20000638        0x4 CMakeFiles/f103vet6_learning_1.dir/Middlewares/Third_Party/FreeRTOS/Source/tasks.c.obj
 .bss.xPendingReadyList
                0x2000063c       0x14 CMakeFiles/f103vet6_learning_1.dir/Middlewares/Third_Party/FreeRTOS/Source/tasks.c.obj
 .bss.xTasksWaitingTermination
                0x20000650       0x14 CMakeFiles/f103vet6_learning_1.dir/Middlewares/Third_Party/FreeRTOS/Source/tasks.c.obj
 .bss.uxDeletedTasksWaitingCleanUp
                0x20000664        0x4 CMakeFiles/f103vet6_learning_1.dir/Middlewares/Third_Party/FreeRTOS/Source/tasks.c.obj
 .bss.xSuspendedTaskList
                0x20000668       0x14 CMakeFiles/f103vet6_learning_1.dir/Middlewares/Third_Party/FreeRTOS/Source/tasks.c.obj
 .bss.uxCurrentNumberOfTasks
                0x2000067c        0x4 CMakeFiles/f103vet6_learning_1.dir/Middlewares/Third_Party/FreeRTOS/Source/tasks.c.obj
 .bss.xTickCount
                0x20000680        0x4 CMakeFiles/f103vet6_learning_1.dir/Middlewares/Third_Party/FreeRTOS/Source/tasks.c.obj
 .bss.uxTopReadyPriority
                0x20000684        0x4 CMakeFiles/f103vet6_learning_1.dir/Middlewares/Third_Party/FreeRTOS/Source/tasks.c.obj
 .bss.xSchedulerRunning
                0x20000688        0x4 CMakeFiles/f103vet6_learning_1.dir/Middlewares/Third_Party/FreeRTOS/Source/tasks.c.obj
 .bss.uxPendedTicks
                0x2000068c        0x4 CMakeFiles/f103vet6_learning_1.dir/Middlewares/Third_Party/FreeRTOS/Source/tasks.c.obj
 .bss.xYieldPending
                0x20000690        0x4 CMakeFiles/f103vet6_learning_1.dir/Middlewares/Third_Party/FreeRTOS/Source/tasks.c.obj
 .bss.xNumOfOverflows
                0x20000694        0x4 CMakeFiles/f103vet6_learning_1.dir/Middlewares/Third_Party/FreeRTOS/Source/tasks.c.obj
 .bss.uxTaskNumber
                0x20000698        0x4 CMakeFiles/f103vet6_learning_1.dir/Middlewares/Third_Party/FreeRTOS/Source/tasks.c.obj
 .bss.xNextTaskUnblockTime
                0x2000069c        0x4 CMakeFiles/f103vet6_learning_1.dir/Middlewares/Third_Party/FreeRTOS/Source/tasks.c.obj
 .bss.xIdleTaskHandle
                0x200006a0        0x4 CMakeFiles/f103vet6_learning_1.dir/Middlewares/Third_Party/FreeRTOS/Source/tasks.c.obj
 .bss.uxSchedulerSuspended
                0x200006a4        0x4 CMakeFiles/f103vet6_learning_1.dir/Middlewares/Third_Party/FreeRTOS/Source/tasks.c.obj
 .bss.xActiveTimerList1
                0x200006a8       0x14 CMakeFiles/f103vet6_learning_1.dir/Middlewares/Third_Party/FreeRTOS/Source/timers.c.obj
 .bss.xActiveTimerList2
                0x200006bc       0x14 CMakeFiles/f103vet6_learning_1.dir/Middlewares/Third_Party/FreeRTOS/Source/timers.c.obj
 .bss.pxCurrentTimerList
                0x200006d0        0x4 CMakeFiles/f103vet6_learning_1.dir/Middlewares/Third_Party/FreeRTOS/Source/timers.c.obj
 .bss.pxOverflowTimerList
                0x200006d4        0x4 CMakeFiles/f103vet6_learning_1.dir/Middlewares/Third_Party/FreeRTOS/Source/timers.c.obj
 .bss.xTimerQueue
                0x200006d8        0x4 CMakeFiles/f103vet6_learning_1.dir/Middlewares/Third_Party/FreeRTOS/Source/timers.c.obj
 .bss.xTimerTaskHandle
                0x200006dc        0x4 CMakeFiles/f103vet6_learning_1.dir/Middlewares/Third_Party/FreeRTOS/Source/timers.c.obj
 .bss.xLastTime.2
                0x200006e0        0x4 CMakeFiles/f103vet6_learning_1.dir/Middlewares/Third_Party/FreeRTOS/Source/timers.c.obj
 .bss.ucStaticTimerQueueStorage.1
                0x200006e4       0xa0 CMakeFiles/f103vet6_learning_1.dir/Middlewares/Third_Party/FreeRTOS/Source/timers.c.obj
 .bss.xStaticTimerQueue.0
                0x20000784       0x50 CMakeFiles/f103vet6_learning_1.dir/Middlewares/Third_Party/FreeRTOS/Source/timers.c.obj
 .bss.KernelState
                0x200007d4        0x4 CMakeFiles/f103vet6_learning_1.dir/Middlewares/Third_Party/FreeRTOS/Source/CMSIS_RTOS_V2/cmsis_os2.c.obj
 .bss.Idle_TCB  0x200007d8       0x5c CMakeFiles/f103vet6_learning_1.dir/Middlewares/Third_Party/FreeRTOS/Source/CMSIS_RTOS_V2/cmsis_os2.c.obj
 .bss.Idle_Stack
                0x20000834      0x200 CMakeFiles/f103vet6_learning_1.dir/Middlewares/Third_Party/FreeRTOS/Source/CMSIS_RTOS_V2/cmsis_os2.c.obj
 .bss.Timer_TCB
                0x20000a34       0x5c CMakeFiles/f103vet6_learning_1.dir/Middlewares/Third_Party/FreeRTOS/Source/CMSIS_RTOS_V2/cmsis_os2.c.obj
 .bss.Timer_Stack
                0x20000a90      0x400 CMakeFiles/f103vet6_learning_1.dir/Middlewares/Third_Party/FreeRTOS/Source/CMSIS_RTOS_V2/cmsis_os2.c.obj
 .bss.ucHeap    0x20000e90      0xc00 CMakeFiles/f103vet6_learning_1.dir/Middlewares/Third_Party/FreeRTOS/Source/portable/MemMang/heap_4.c.obj
 .bss.xStart    0x20001a90        0x8 CMakeFiles/f103vet6_learning_1.dir/Middlewares/Third_Party/FreeRTOS/Source/portable/MemMang/heap_4.c.obj
 .bss.pxEnd     0x20001a98        0x4 CMakeFiles/f103vet6_learning_1.dir/Middlewares/Third_Party/FreeRTOS/Source/portable/MemMang/heap_4.c.obj
 .bss.xFreeBytesRemaining
                0x20001a9c        0x4 CMakeFiles/f103vet6_learning_1.dir/Middlewares/Third_Party/FreeRTOS/Source/portable/MemMang/heap_4.c.obj
 .bss.xMinimumEverFreeBytesRemaining
                0x20001aa0        0x4 CMakeFiles/f103vet6_learning_1.dir/Middlewares/Third_Party/FreeRTOS/Source/portable/MemMang/heap_4.c.obj
 .bss.xBlockAllocatedBit
                0x20001aa4        0x4 CMakeFiles/f103vet6_learning_1.dir/Middlewares/Third_Party/FreeRTOS/Source/portable/MemMang/heap_4.c.obj
 .bss.ucMaxSysCallPriority
                0x20001aa8        0x1 CMakeFiles/f103vet6_learning_1.dir/Middlewares/Third_Party/FreeRTOS/Source/portable/GCC/ARM_CM3/port.c.obj
 *fill*         0x20001aa9        0x3 
 .bss.ulMaxPRIGROUPValue
                0x20001aac        0x4 CMakeFiles/f103vet6_learning_1.dir/Middlewares/Third_Party/FreeRTOS/Source/portable/GCC/ARM_CM3/port.c.obj
 *(COMMON)
                0x20001ab0                        . = ALIGN (0x4)
                0x20001ab0                        _ebss = .
                0x20001ab0                        __bss_end__ = _ebss

._user_heap_stack
                0x20001ab0      0x600 load address 0x08006134
                0x20001ab0                        . = ALIGN (0x8)
                [!provide]                        PROVIDE (end = .)
                0x20001ab0                        PROVIDE (_end = .)
                0x20001cb0                        . = (. + _Min_Heap_Size)
 *fill*         0x20001ab0      0x200 
                0x200020b0                        . = (. + _Min_Stack_Size)
 *fill*         0x20001cb0      0x400 
                0x200020b0                        . = ALIGN (0x8)

/DISCARD/
 libc.a(*)
 libm.a(*)
 libgcc.a(*)

.ARM.attributes
                0x00000000       0x29
 *(.ARM.attributes)
 .ARM.attributes
                0x00000000       0x1d /opt/st/stm32cubeclt_1.15.1/GNU-tools-for-STM32/bin/../lib/gcc/arm-none-eabi/12.3.1/thumb/v7-m/nofp/crti.o
 .ARM.attributes
                0x0000001d       0x2d /opt/st/stm32cubeclt_1.15.1/GNU-tools-for-STM32/bin/../lib/gcc/arm-none-eabi/12.3.1/thumb/v7-m/nofp/crtbegin.o
 .ARM.attributes
                0x0000004a       0x2d /opt/st/stm32cubeclt_1.15.1/GNU-tools-for-STM32/bin/../lib/gcc/arm-none-eabi/12.3.1/../../../../arm-none-eabi/lib/thumb/v7-m/nofp/libc_nano.a(libc_a-memset.o)
 .ARM.attributes
                0x00000077       0x2d /opt/st/stm32cubeclt_1.15.1/GNU-tools-for-STM32/bin/../lib/gcc/arm-none-eabi/12.3.1/../../../../arm-none-eabi/lib/thumb/v7-m/nofp/libc_nano.a(libc_a-init.o)
 .ARM.attributes
                0x000000a4       0x2d CMakeFiles/f103vet6_learning_1.dir/Drivers/YeHuoDriver/driver_led.c.obj
 .ARM.attributes
                0x000000d1       0x2d CMakeFiles/f103vet6_learning_1.dir/Drivers/YeHuoDriver/driver_timer.c.obj
 .ARM.attributes
                0x000000fe       0x2d CMakeFiles/f103vet6_learning_1.dir/Drivers/YeHuoDriver/oledfont.c.obj
 .ARM.attributes
                0x0000012b       0x2d CMakeFiles/f103vet6_learning_1.dir/Drivers/YeHuoDriver/bsp.c.obj
 .ARM.attributes
                0x00000158       0x2d CMakeFiles/f103vet6_learning_1.dir/Core/Src/main.c.obj
 .ARM.attributes
                0x00000185       0x2d CMakeFiles/f103vet6_learning_1.dir/Core/Src/gpio.c.obj
 .ARM.attributes
                0x000001b2       0x2d CMakeFiles/f103vet6_learning_1.dir/Core/Src/freertos.c.obj
 .ARM.attributes
                0x000001df       0x2d CMakeFiles/f103vet6_learning_1.dir/Core/Src/i2c.c.obj
 .ARM.attributes
                0x0000020c       0x2d CMakeFiles/f103vet6_learning_1.dir/Core/Src/stm32f1xx_it.c.obj
 .ARM.attributes
                0x00000239       0x2d CMakeFiles/f103vet6_learning_1.dir/Core/Src/stm32f1xx_hal_msp.c.obj
 .ARM.attributes
                0x00000266       0x2d CMakeFiles/f103vet6_learning_1.dir/Core/Src/stm32f1xx_hal_timebase_tim.c.obj
 .ARM.attributes
                0x00000293       0x2d CMakeFiles/f103vet6_learning_1.dir/Drivers/STM32F1xx_HAL_Driver/Src/stm32f1xx_hal.c.obj
 .ARM.attributes
                0x000002c0       0x2d CMakeFiles/f103vet6_learning_1.dir/Drivers/STM32F1xx_HAL_Driver/Src/stm32f1xx_hal_rcc.c.obj
 .ARM.attributes
                0x000002ed       0x2d CMakeFiles/f103vet6_learning_1.dir/Drivers/STM32F1xx_HAL_Driver/Src/stm32f1xx_hal_gpio.c.obj
 .ARM.attributes
                0x0000031a       0x2d CMakeFiles/f103vet6_learning_1.dir/Drivers/STM32F1xx_HAL_Driver/Src/stm32f1xx_hal_cortex.c.obj
 .ARM.attributes
                0x00000347       0x2d CMakeFiles/f103vet6_learning_1.dir/Drivers/STM32F1xx_HAL_Driver/Src/stm32f1xx_hal_i2c.c.obj
 .ARM.attributes
                0x00000374       0x2d CMakeFiles/f103vet6_learning_1.dir/Drivers/STM32F1xx_HAL_Driver/Src/stm32f1xx_hal_tim.c.obj
 .ARM.attributes
                0x000003a1       0x2d CMakeFiles/f103vet6_learning_1.dir/Drivers/STM32F1xx_HAL_Driver/Src/stm32f1xx_hal_tim_ex.c.obj
 .ARM.attributes
                0x000003ce       0x2d CMakeFiles/f103vet6_learning_1.dir/Core/Src/system_stm32f1xx.c.obj
 .ARM.attributes
                0x000003fb       0x2d CMakeFiles/f103vet6_learning_1.dir/Middlewares/Third_Party/FreeRTOS/Source/list.c.obj
 .ARM.attributes
                0x00000428       0x2d CMakeFiles/f103vet6_learning_1.dir/Middlewares/Third_Party/FreeRTOS/Source/queue.c.obj
 .ARM.attributes
                0x00000455       0x2d CMakeFiles/f103vet6_learning_1.dir/Middlewares/Third_Party/FreeRTOS/Source/tasks.c.obj
 .ARM.attributes
                0x00000482       0x2d CMakeFiles/f103vet6_learning_1.dir/Middlewares/Third_Party/FreeRTOS/Source/timers.c.obj
 .ARM.attributes
                0x000004af       0x2d CMakeFiles/f103vet6_learning_1.dir/Middlewares/Third_Party/FreeRTOS/Source/CMSIS_RTOS_V2/cmsis_os2.c.obj
 .ARM.attributes
                0x000004dc       0x2d CMakeFiles/f103vet6_learning_1.dir/Middlewares/Third_Party/FreeRTOS/Source/portable/MemMang/heap_4.c.obj
 .ARM.attributes
                0x00000509       0x2d CMakeFiles/f103vet6_learning_1.dir/Middlewares/Third_Party/FreeRTOS/Source/portable/GCC/ARM_CM3/port.c.obj
 .ARM.attributes
                0x00000536       0x21 CMakeFiles/f103vet6_learning_1.dir/startup_stm32f103xe.s.obj
 .ARM.attributes
                0x00000557       0x2d /opt/st/stm32cubeclt_1.15.1/GNU-tools-for-STM32/bin/../lib/gcc/arm-none-eabi/12.3.1/../../../../arm-none-eabi/lib/thumb/v7-m/nofp/libg_nano.a(libc_a-memcpy-stub.o)
 .ARM.attributes
                0x00000584       0x1d /opt/st/stm32cubeclt_1.15.1/GNU-tools-for-STM32/bin/../lib/gcc/arm-none-eabi/12.3.1/thumb/v7-m/nofp/crtn.o
OUTPUT(f103vet6_learning_1.elf elf32-littlearm)
LOAD linker stubs
LOAD /opt/st/stm32cubeclt_1.15.1/GNU-tools-for-STM32/bin/../lib/gcc/arm-none-eabi/12.3.1/../../../../arm-none-eabi/lib/thumb/v7-m/nofp/libc.a
LOAD /opt/st/stm32cubeclt_1.15.1/GNU-tools-for-STM32/bin/../lib/gcc/arm-none-eabi/12.3.1/../../../../arm-none-eabi/lib/thumb/v7-m/nofp/libm.a
LOAD /opt/st/stm32cubeclt_1.15.1/GNU-tools-for-STM32/bin/../lib/gcc/arm-none-eabi/12.3.1/thumb/v7-m/nofp/libgcc.a

.debug_frame    0x00000000     0x5648
 .debug_frame   0x00000000       0x20 /opt/st/stm32cubeclt_1.15.1/GNU-tools-for-STM32/bin/../lib/gcc/arm-none-eabi/12.3.1/../../../../arm-none-eabi/lib/thumb/v7-m/nofp/libc_nano.a(libc_a-memset.o)
 .debug_frame   0x00000020       0x2c /opt/st/stm32cubeclt_1.15.1/GNU-tools-for-STM32/bin/../lib/gcc/arm-none-eabi/12.3.1/../../../../arm-none-eabi/lib/thumb/v7-m/nofp/libc_nano.a(libc_a-init.o)
 .debug_frame   0x0000004c       0x74 CMakeFiles/f103vet6_learning_1.dir/Drivers/YeHuoDriver/driver_led.c.obj
 .debug_frame   0x000000c0       0x90 CMakeFiles/f103vet6_learning_1.dir/Drivers/YeHuoDriver/driver_timer.c.obj
 .debug_frame   0x00000150      0x2ec CMakeFiles/f103vet6_learning_1.dir/Drivers/YeHuoDriver/bsp.c.obj
 .debug_frame   0x0000043c       0x8c CMakeFiles/f103vet6_learning_1.dir/Core/Src/main.c.obj
 .debug_frame   0x000004c8       0x34 CMakeFiles/f103vet6_learning_1.dir/Core/Src/gpio.c.obj
 .debug_frame   0x000004fc       0x74 CMakeFiles/f103vet6_learning_1.dir/Core/Src/freertos.c.obj
 .debug_frame   0x00000570       0x74 CMakeFiles/f103vet6_learning_1.dir/Core/Src/i2c.c.obj
 .debug_frame   0x000005e4       0xc4 CMakeFiles/f103vet6_learning_1.dir/Core/Src/stm32f1xx_it.c.obj
 .debug_frame   0x000006a8       0x34 CMakeFiles/f103vet6_learning_1.dir/Core/Src/stm32f1xx_hal_msp.c.obj
 .debug_frame   0x000006dc       0x74 CMakeFiles/f103vet6_learning_1.dir/Core/Src/stm32f1xx_hal_timebase_tim.c.obj
 .debug_frame   0x00000750      0x334 CMakeFiles/f103vet6_learning_1.dir/Drivers/STM32F1xx_HAL_Driver/Src/stm32f1xx_hal.c.obj
 .debug_frame   0x00000a84      0x218 CMakeFiles/f103vet6_learning_1.dir/Drivers/STM32F1xx_HAL_Driver/Src/stm32f1xx_hal_rcc.c.obj
 .debug_frame   0x00000c9c      0x14c CMakeFiles/f103vet6_learning_1.dir/Drivers/STM32F1xx_HAL_Driver/Src/stm32f1xx_hal_gpio.c.obj
 .debug_frame   0x00000de8      0x428 CMakeFiles/f103vet6_learning_1.dir/Drivers/STM32F1xx_HAL_Driver/Src/stm32f1xx_hal_cortex.c.obj
 .debug_frame   0x00001210      0xc84 CMakeFiles/f103vet6_learning_1.dir/Drivers/STM32F1xx_HAL_Driver/Src/stm32f1xx_hal_i2c.c.obj
 .debug_frame   0x00001e94     0x11bc CMakeFiles/f103vet6_learning_1.dir/Drivers/STM32F1xx_HAL_Driver/Src/stm32f1xx_hal_tim.c.obj
 .debug_frame   0x00003050      0x638 CMakeFiles/f103vet6_learning_1.dir/Drivers/STM32F1xx_HAL_Driver/Src/stm32f1xx_hal_tim_ex.c.obj
 .debug_frame   0x00003688       0x58 CMakeFiles/f103vet6_learning_1.dir/Core/Src/system_stm32f1xx.c.obj
 .debug_frame   0x000036e0       0xd8 CMakeFiles/f103vet6_learning_1.dir/Middlewares/Third_Party/FreeRTOS/Source/list.c.obj
 .debug_frame   0x000037b8      0x5ec CMakeFiles/f103vet6_learning_1.dir/Middlewares/Third_Party/FreeRTOS/Source/queue.c.obj
 .debug_frame   0x00003da4      0x8a8 CMakeFiles/f103vet6_learning_1.dir/Middlewares/Third_Party/FreeRTOS/Source/tasks.c.obj
 .debug_frame   0x0000464c      0x3b4 CMakeFiles/f103vet6_learning_1.dir/Middlewares/Third_Party/FreeRTOS/Source/timers.c.obj
 .debug_frame   0x00004a00      0x980 CMakeFiles/f103vet6_learning_1.dir/Middlewares/Third_Party/FreeRTOS/Source/CMSIS_RTOS_V2/cmsis_os2.c.obj
 .debug_frame   0x00005380      0x108 CMakeFiles/f103vet6_learning_1.dir/Middlewares/Third_Party/FreeRTOS/Source/portable/MemMang/heap_4.c.obj
 .debug_frame   0x00005488      0x198 CMakeFiles/f103vet6_learning_1.dir/Middlewares/Third_Party/FreeRTOS/Source/portable/GCC/ARM_CM3/port.c.obj
 .debug_frame   0x00005620       0x28 /opt/st/stm32cubeclt_1.15.1/GNU-tools-for-STM32/bin/../lib/gcc/arm-none-eabi/12.3.1/../../../../arm-none-eabi/lib/thumb/v7-m/nofp/libg_nano.a(libc_a-memcpy-stub.o)

.debug_info     0x00000000    0x15df0
 .debug_info    0x00000000      0x2e1 CMakeFiles/f103vet6_learning_1.dir/Drivers/YeHuoDriver/driver_led.c.obj
 .debug_info    0x000002e1      0x70d CMakeFiles/f103vet6_learning_1.dir/Drivers/YeHuoDriver/driver_timer.c.obj
 .debug_info    0x000009ee      0x14a CMakeFiles/f103vet6_learning_1.dir/Drivers/YeHuoDriver/oledfont.c.obj
 .debug_info    0x00000b38      0xbcf CMakeFiles/f103vet6_learning_1.dir/Drivers/YeHuoDriver/bsp.c.obj
 .debug_info    0x00001707      0x88f CMakeFiles/f103vet6_learning_1.dir/Core/Src/main.c.obj
 .debug_info    0x00001f96      0x2b7 CMakeFiles/f103vet6_learning_1.dir/Core/Src/gpio.c.obj
 .debug_info    0x0000224d      0x533 CMakeFiles/f103vet6_learning_1.dir/Core/Src/freertos.c.obj
 .debug_info    0x00002780      0x7e3 CMakeFiles/f103vet6_learning_1.dir/Core/Src/i2c.c.obj
 .debug_info    0x00002f63      0x66a CMakeFiles/f103vet6_learning_1.dir/Core/Src/stm32f1xx_it.c.obj
 .debug_info    0x000035cd      0x3c7 CMakeFiles/f103vet6_learning_1.dir/Core/Src/stm32f1xx_hal_msp.c.obj
 .debug_info    0x00003994      0xa0e CMakeFiles/f103vet6_learning_1.dir/Core/Src/stm32f1xx_hal_timebase_tim.c.obj
 .debug_info    0x000043a2      0x76a CMakeFiles/f103vet6_learning_1.dir/Drivers/STM32F1xx_HAL_Driver/Src/stm32f1xx_hal.c.obj
 .debug_info    0x00004b0c      0x7d5 CMakeFiles/f103vet6_learning_1.dir/Drivers/STM32F1xx_HAL_Driver/Src/stm32f1xx_hal_rcc.c.obj
 .debug_info    0x000052e1      0x5ab CMakeFiles/f103vet6_learning_1.dir/Drivers/STM32F1xx_HAL_Driver/Src/stm32f1xx_hal_gpio.c.obj
 .debug_info    0x0000588c      0xaed CMakeFiles/f103vet6_learning_1.dir/Drivers/STM32F1xx_HAL_Driver/Src/stm32f1xx_hal_cortex.c.obj
 .debug_info    0x00006379     0x2515 CMakeFiles/f103vet6_learning_1.dir/Drivers/STM32F1xx_HAL_Driver/Src/stm32f1xx_hal_i2c.c.obj
 .debug_info    0x0000888e     0x293b CMakeFiles/f103vet6_learning_1.dir/Drivers/STM32F1xx_HAL_Driver/Src/stm32f1xx_hal_tim.c.obj
 .debug_info    0x0000b1c9     0x149b CMakeFiles/f103vet6_learning_1.dir/Drivers/STM32F1xx_HAL_Driver/Src/stm32f1xx_hal_tim_ex.c.obj
 .debug_info    0x0000c664      0x222 CMakeFiles/f103vet6_learning_1.dir/Core/Src/system_stm32f1xx.c.obj
 .debug_info    0x0000c886      0x2aa CMakeFiles/f103vet6_learning_1.dir/Middlewares/Third_Party/FreeRTOS/Source/list.c.obj
 .debug_info    0x0000cb30     0x1abf CMakeFiles/f103vet6_learning_1.dir/Middlewares/Third_Party/FreeRTOS/Source/queue.c.obj
 .debug_info    0x0000e5ef     0x20e5 CMakeFiles/f103vet6_learning_1.dir/Middlewares/Third_Party/FreeRTOS/Source/tasks.c.obj
 .debug_info    0x000106d4     0x13b5 CMakeFiles/f103vet6_learning_1.dir/Middlewares/Third_Party/FreeRTOS/Source/timers.c.obj
 .debug_info    0x00011a89     0x39bf CMakeFiles/f103vet6_learning_1.dir/Middlewares/Third_Party/FreeRTOS/Source/CMSIS_RTOS_V2/cmsis_os2.c.obj
 .debug_info    0x00015448      0x3c3 CMakeFiles/f103vet6_learning_1.dir/Middlewares/Third_Party/FreeRTOS/Source/portable/MemMang/heap_4.c.obj
 .debug_info    0x0001580b      0x494 CMakeFiles/f103vet6_learning_1.dir/Middlewares/Third_Party/FreeRTOS/Source/portable/GCC/ARM_CM3/port.c.obj
 .debug_info    0x00015c9f       0x30 CMakeFiles/f103vet6_learning_1.dir/startup_stm32f103xe.s.obj
 .debug_info    0x00015ccf      0x121 /opt/st/stm32cubeclt_1.15.1/GNU-tools-for-STM32/bin/../lib/gcc/arm-none-eabi/12.3.1/../../../../arm-none-eabi/lib/thumb/v7-m/nofp/libg_nano.a(libc_a-memcpy-stub.o)

.debug_abbrev   0x00000000     0x393d
 .debug_abbrev  0x00000000      0x18d CMakeFiles/f103vet6_learning_1.dir/Drivers/YeHuoDriver/driver_led.c.obj
 .debug_abbrev  0x0000018d      0x1dc CMakeFiles/f103vet6_learning_1.dir/Drivers/YeHuoDriver/driver_timer.c.obj
 .debug_abbrev  0x00000369       0x7d CMakeFiles/f103vet6_learning_1.dir/Drivers/YeHuoDriver/oledfont.c.obj
 .debug_abbrev  0x000003e6      0x29a CMakeFiles/f103vet6_learning_1.dir/Drivers/YeHuoDriver/bsp.c.obj
 .debug_abbrev  0x00000680      0x22e CMakeFiles/f103vet6_learning_1.dir/Core/Src/main.c.obj
 .debug_abbrev  0x000008ae      0x13f CMakeFiles/f103vet6_learning_1.dir/Core/Src/gpio.c.obj
 .debug_abbrev  0x000009ed      0x191 CMakeFiles/f103vet6_learning_1.dir/Core/Src/freertos.c.obj
 .debug_abbrev  0x00000b7e      0x1de CMakeFiles/f103vet6_learning_1.dir/Core/Src/i2c.c.obj
 .debug_abbrev  0x00000d5c      0x17c CMakeFiles/f103vet6_learning_1.dir/Core/Src/stm32f1xx_it.c.obj
 .debug_abbrev  0x00000ed8      0x11c CMakeFiles/f103vet6_learning_1.dir/Core/Src/stm32f1xx_hal_msp.c.obj
 .debug_abbrev  0x00000ff4      0x1f3 CMakeFiles/f103vet6_learning_1.dir/Core/Src/stm32f1xx_hal_timebase_tim.c.obj
 .debug_abbrev  0x000011e7      0x201 CMakeFiles/f103vet6_learning_1.dir/Drivers/STM32F1xx_HAL_Driver/Src/stm32f1xx_hal.c.obj
 .debug_abbrev  0x000013e8      0x2b3 CMakeFiles/f103vet6_learning_1.dir/Drivers/STM32F1xx_HAL_Driver/Src/stm32f1xx_hal_rcc.c.obj
 .debug_abbrev  0x0000169b      0x1ca CMakeFiles/f103vet6_learning_1.dir/Drivers/STM32F1xx_HAL_Driver/Src/stm32f1xx_hal_gpio.c.obj
 .debug_abbrev  0x00001865      0x2f8 CMakeFiles/f103vet6_learning_1.dir/Drivers/STM32F1xx_HAL_Driver/Src/stm32f1xx_hal_cortex.c.obj
 .debug_abbrev  0x00001b5d      0x2a3 CMakeFiles/f103vet6_learning_1.dir/Drivers/STM32F1xx_HAL_Driver/Src/stm32f1xx_hal_i2c.c.obj
 .debug_abbrev  0x00001e00      0x277 CMakeFiles/f103vet6_learning_1.dir/Drivers/STM32F1xx_HAL_Driver/Src/stm32f1xx_hal_tim.c.obj
 .debug_abbrev  0x00002077      0x282 CMakeFiles/f103vet6_learning_1.dir/Drivers/STM32F1xx_HAL_Driver/Src/stm32f1xx_hal_tim_ex.c.obj
 .debug_abbrev  0x000022f9      0x13f CMakeFiles/f103vet6_learning_1.dir/Core/Src/system_stm32f1xx.c.obj
 .debug_abbrev  0x00002438       0xf5 CMakeFiles/f103vet6_learning_1.dir/Middlewares/Third_Party/FreeRTOS/Source/list.c.obj
 .debug_abbrev  0x0000252d      0x3ce CMakeFiles/f103vet6_learning_1.dir/Middlewares/Third_Party/FreeRTOS/Source/queue.c.obj
 .debug_abbrev  0x000028fb      0x385 CMakeFiles/f103vet6_learning_1.dir/Middlewares/Third_Party/FreeRTOS/Source/tasks.c.obj
 .debug_abbrev  0x00002c80      0x348 CMakeFiles/f103vet6_learning_1.dir/Middlewares/Third_Party/FreeRTOS/Source/timers.c.obj
 .debug_abbrev  0x00002fc8      0x433 CMakeFiles/f103vet6_learning_1.dir/Middlewares/Third_Party/FreeRTOS/Source/CMSIS_RTOS_V2/cmsis_os2.c.obj
 .debug_abbrev  0x000033fb      0x205 CMakeFiles/f103vet6_learning_1.dir/Middlewares/Third_Party/FreeRTOS/Source/portable/MemMang/heap_4.c.obj
 .debug_abbrev  0x00003600      0x258 CMakeFiles/f103vet6_learning_1.dir/Middlewares/Third_Party/FreeRTOS/Source/portable/GCC/ARM_CM3/port.c.obj
 .debug_abbrev  0x00003858       0x24 CMakeFiles/f103vet6_learning_1.dir/startup_stm32f103xe.s.obj
 .debug_abbrev  0x0000387c       0xc1 /opt/st/stm32cubeclt_1.15.1/GNU-tools-for-STM32/bin/../lib/gcc/arm-none-eabi/12.3.1/../../../../arm-none-eabi/lib/thumb/v7-m/nofp/libg_nano.a(libc_a-memcpy-stub.o)

.debug_aranges  0x00000000     0x1500
 .debug_aranges
                0x00000000       0x30 CMakeFiles/f103vet6_learning_1.dir/Drivers/YeHuoDriver/driver_led.c.obj
 .debug_aranges
                0x00000030       0x30 CMakeFiles/f103vet6_learning_1.dir/Drivers/YeHuoDriver/driver_timer.c.obj
 .debug_aranges
                0x00000060       0x18 CMakeFiles/f103vet6_learning_1.dir/Drivers/YeHuoDriver/oledfont.c.obj
 .debug_aranges
                0x00000078       0xb8 CMakeFiles/f103vet6_learning_1.dir/Drivers/YeHuoDriver/bsp.c.obj
 .debug_aranges
                0x00000130       0x38 CMakeFiles/f103vet6_learning_1.dir/Core/Src/main.c.obj
 .debug_aranges
                0x00000168       0x20 CMakeFiles/f103vet6_learning_1.dir/Core/Src/gpio.c.obj
 .debug_aranges
                0x00000188       0x30 CMakeFiles/f103vet6_learning_1.dir/Core/Src/freertos.c.obj
 .debug_aranges
                0x000001b8       0x30 CMakeFiles/f103vet6_learning_1.dir/Core/Src/i2c.c.obj
 .debug_aranges
                0x000001e8       0x50 CMakeFiles/f103vet6_learning_1.dir/Core/Src/stm32f1xx_it.c.obj
 .debug_aranges
                0x00000238       0x20 CMakeFiles/f103vet6_learning_1.dir/Core/Src/stm32f1xx_hal_msp.c.obj
 .debug_aranges
                0x00000258       0x30 CMakeFiles/f103vet6_learning_1.dir/Core/Src/stm32f1xx_hal_timebase_tim.c.obj
 .debug_aranges
                0x00000288       0xe0 CMakeFiles/f103vet6_learning_1.dir/Drivers/STM32F1xx_HAL_Driver/Src/stm32f1xx_hal.c.obj
 .debug_aranges
                0x00000368       0x90 CMakeFiles/f103vet6_learning_1.dir/Drivers/STM32F1xx_HAL_Driver/Src/stm32f1xx_hal_rcc.c.obj
 .debug_aranges
                0x000003f8       0x58 CMakeFiles/f103vet6_learning_1.dir/Drivers/STM32F1xx_HAL_Driver/Src/stm32f1xx_hal_gpio.c.obj
 .debug_aranges
                0x00000450      0x100 CMakeFiles/f103vet6_learning_1.dir/Drivers/STM32F1xx_HAL_Driver/Src/stm32f1xx_hal_cortex.c.obj
 .debug_aranges
                0x00000550      0x2a8 CMakeFiles/f103vet6_learning_1.dir/Drivers/STM32F1xx_HAL_Driver/Src/stm32f1xx_hal_i2c.c.obj
 .debug_aranges
                0x000007f8      0x3d0 CMakeFiles/f103vet6_learning_1.dir/Drivers/STM32F1xx_HAL_Driver/Src/stm32f1xx_hal_tim.c.obj
 .debug_aranges
                0x00000bc8      0x168 CMakeFiles/f103vet6_learning_1.dir/Drivers/STM32F1xx_HAL_Driver/Src/stm32f1xx_hal_tim_ex.c.obj
 .debug_aranges
                0x00000d30       0x28 CMakeFiles/f103vet6_learning_1.dir/Core/Src/system_stm32f1xx.c.obj
 .debug_aranges
                0x00000d58       0x40 CMakeFiles/f103vet6_learning_1.dir/Middlewares/Third_Party/FreeRTOS/Source/list.c.obj
 .debug_aranges
                0x00000d98      0x158 CMakeFiles/f103vet6_learning_1.dir/Middlewares/Third_Party/FreeRTOS/Source/queue.c.obj
 .debug_aranges
                0x00000ef0      0x1f8 CMakeFiles/f103vet6_learning_1.dir/Middlewares/Third_Party/FreeRTOS/Source/tasks.c.obj
 .debug_aranges
                0x000010e8       0xe0 CMakeFiles/f103vet6_learning_1.dir/Middlewares/Third_Party/FreeRTOS/Source/timers.c.obj
 .debug_aranges
                0x000011c8      0x228 CMakeFiles/f103vet6_learning_1.dir/Middlewares/Third_Party/FreeRTOS/Source/CMSIS_RTOS_V2/cmsis_os2.c.obj
 .debug_aranges
                0x000013f0       0x50 CMakeFiles/f103vet6_learning_1.dir/Middlewares/Third_Party/FreeRTOS/Source/portable/MemMang/heap_4.c.obj
 .debug_aranges
                0x00001440       0x78 CMakeFiles/f103vet6_learning_1.dir/Middlewares/Third_Party/FreeRTOS/Source/portable/GCC/ARM_CM3/port.c.obj
 .debug_aranges
                0x000014b8       0x28 CMakeFiles/f103vet6_learning_1.dir/startup_stm32f103xe.s.obj
 .debug_aranges
                0x000014e0       0x20 /opt/st/stm32cubeclt_1.15.1/GNU-tools-for-STM32/bin/../lib/gcc/arm-none-eabi/12.3.1/../../../../arm-none-eabi/lib/thumb/v7-m/nofp/libg_nano.a(libc_a-memcpy-stub.o)

.debug_rnglists
                0x00000000     0x1032
 .debug_rnglists
                0x00000000       0x20 CMakeFiles/f103vet6_learning_1.dir/Drivers/YeHuoDriver/driver_led.c.obj
 .debug_rnglists
                0x00000020       0x21 CMakeFiles/f103vet6_learning_1.dir/Drivers/YeHuoDriver/driver_timer.c.obj
 .debug_rnglists
                0x00000041       0x8b CMakeFiles/f103vet6_learning_1.dir/Drivers/YeHuoDriver/bsp.c.obj
 .debug_rnglists
                0x000000cc       0x26 CMakeFiles/f103vet6_learning_1.dir/Core/Src/main.c.obj
 .debug_rnglists
                0x000000f2       0x14 CMakeFiles/f103vet6_learning_1.dir/Core/Src/gpio.c.obj
 .debug_rnglists
                0x00000106       0x20 CMakeFiles/f103vet6_learning_1.dir/Core/Src/freertos.c.obj
 .debug_rnglists
                0x00000126       0x1f CMakeFiles/f103vet6_learning_1.dir/Core/Src/i2c.c.obj
 .debug_rnglists
                0x00000145       0x37 CMakeFiles/f103vet6_learning_1.dir/Core/Src/stm32f1xx_it.c.obj
 .debug_rnglists
                0x0000017c       0x13 CMakeFiles/f103vet6_learning_1.dir/Core/Src/stm32f1xx_hal_msp.c.obj
 .debug_rnglists
                0x0000018f       0x20 CMakeFiles/f103vet6_learning_1.dir/Core/Src/stm32f1xx_hal_timebase_tim.c.obj
 .debug_rnglists
                0x000001af       0xa3 CMakeFiles/f103vet6_learning_1.dir/Drivers/STM32F1xx_HAL_Driver/Src/stm32f1xx_hal.c.obj
 .debug_rnglists
                0x00000252       0x6c CMakeFiles/f103vet6_learning_1.dir/Drivers/STM32F1xx_HAL_Driver/Src/stm32f1xx_hal_rcc.c.obj
 .debug_rnglists
                0x000002be       0x3f CMakeFiles/f103vet6_learning_1.dir/Drivers/STM32F1xx_HAL_Driver/Src/stm32f1xx_hal_gpio.c.obj
 .debug_rnglists
                0x000002fd       0xbb CMakeFiles/f103vet6_learning_1.dir/Drivers/STM32F1xx_HAL_Driver/Src/stm32f1xx_hal_cortex.c.obj
 .debug_rnglists
                0x000003b8      0x23c CMakeFiles/f103vet6_learning_1.dir/Drivers/STM32F1xx_HAL_Driver/Src/stm32f1xx_hal_i2c.c.obj
 .debug_rnglists
                0x000005f4      0x31a CMakeFiles/f103vet6_learning_1.dir/Drivers/STM32F1xx_HAL_Driver/Src/stm32f1xx_hal_tim.c.obj
 .debug_rnglists
                0x0000090e      0x125 CMakeFiles/f103vet6_learning_1.dir/Drivers/STM32F1xx_HAL_Driver/Src/stm32f1xx_hal_tim_ex.c.obj
 .debug_rnglists
                0x00000a33       0x1a CMakeFiles/f103vet6_learning_1.dir/Core/Src/system_stm32f1xx.c.obj
 .debug_rnglists
                0x00000a4d       0x2b CMakeFiles/f103vet6_learning_1.dir/Middlewares/Third_Party/FreeRTOS/Source/list.c.obj
 .debug_rnglists
                0x00000a78      0x109 CMakeFiles/f103vet6_learning_1.dir/Middlewares/Third_Party/FreeRTOS/Source/queue.c.obj
 .debug_rnglists
                0x00000b81      0x194 CMakeFiles/f103vet6_learning_1.dir/Middlewares/Third_Party/FreeRTOS/Source/tasks.c.obj
 .debug_rnglists
                0x00000d15       0xab CMakeFiles/f103vet6_learning_1.dir/Middlewares/Third_Party/FreeRTOS/Source/timers.c.obj
 .debug_rnglists
                0x00000dc0      0x1b4 CMakeFiles/f103vet6_learning_1.dir/Middlewares/Third_Party/FreeRTOS/Source/CMSIS_RTOS_V2/cmsis_os2.c.obj
 .debug_rnglists
                0x00000f74       0x3b CMakeFiles/f103vet6_learning_1.dir/Middlewares/Third_Party/FreeRTOS/Source/portable/MemMang/heap_4.c.obj
 .debug_rnglists
                0x00000faf       0x57 CMakeFiles/f103vet6_learning_1.dir/Middlewares/Third_Party/FreeRTOS/Source/portable/GCC/ARM_CM3/port.c.obj
 .debug_rnglists
                0x00001006       0x19 CMakeFiles/f103vet6_learning_1.dir/startup_stm32f103xe.s.obj
 .debug_rnglists
                0x0000101f       0x13 /opt/st/stm32cubeclt_1.15.1/GNU-tools-for-STM32/bin/../lib/gcc/arm-none-eabi/12.3.1/../../../../arm-none-eabi/lib/thumb/v7-m/nofp/libg_nano.a(libc_a-memcpy-stub.o)

.debug_macro    0x00000000    0x1b34e
 .debug_macro   0x00000000      0x1ca CMakeFiles/f103vet6_learning_1.dir/Drivers/YeHuoDriver/driver_led.c.obj
 .debug_macro   0x000001ca      0xaa8 CMakeFiles/f103vet6_learning_1.dir/Drivers/YeHuoDriver/driver_led.c.obj
 .debug_macro   0x00000c72       0x28 CMakeFiles/f103vet6_learning_1.dir/Drivers/YeHuoDriver/driver_led.c.obj
 .debug_macro   0x00000c9a       0x22 CMakeFiles/f103vet6_learning_1.dir/Drivers/YeHuoDriver/driver_led.c.obj
 .debug_macro   0x00000cbc       0x8e CMakeFiles/f103vet6_learning_1.dir/Drivers/YeHuoDriver/driver_led.c.obj
 .debug_macro   0x00000d4a       0x51 CMakeFiles/f103vet6_learning_1.dir/Drivers/YeHuoDriver/driver_led.c.obj
 .debug_macro   0x00000d9b      0x103 CMakeFiles/f103vet6_learning_1.dir/Drivers/YeHuoDriver/driver_led.c.obj
 .debug_macro   0x00000e9e       0x6a CMakeFiles/f103vet6_learning_1.dir/Drivers/YeHuoDriver/driver_led.c.obj
 .debug_macro   0x00000f08      0x1df CMakeFiles/f103vet6_learning_1.dir/Drivers/YeHuoDriver/driver_led.c.obj
 .debug_macro   0x000010e7      0x21b CMakeFiles/f103vet6_learning_1.dir/Drivers/YeHuoDriver/driver_led.c.obj
 .debug_macro   0x00001302       0x2e CMakeFiles/f103vet6_learning_1.dir/Drivers/YeHuoDriver/driver_led.c.obj
 .debug_macro   0x00001330       0x22 CMakeFiles/f103vet6_learning_1.dir/Drivers/YeHuoDriver/driver_led.c.obj
 .debug_macro   0x00001352       0x1c CMakeFiles/f103vet6_learning_1.dir/Drivers/YeHuoDriver/driver_led.c.obj
 .debug_macro   0x0000136e       0x22 CMakeFiles/f103vet6_learning_1.dir/Drivers/YeHuoDriver/driver_led.c.obj
 .debug_macro   0x00001390       0xbd CMakeFiles/f103vet6_learning_1.dir/Drivers/YeHuoDriver/driver_led.c.obj
 .debug_macro   0x0000144d      0xd23 CMakeFiles/f103vet6_learning_1.dir/Drivers/YeHuoDriver/driver_led.c.obj
 .debug_macro   0x00002170     0xfd8c CMakeFiles/f103vet6_learning_1.dir/Drivers/YeHuoDriver/driver_led.c.obj
 .debug_macro   0x00011efc       0x6d CMakeFiles/f103vet6_learning_1.dir/Drivers/YeHuoDriver/driver_led.c.obj
 .debug_macro   0x00011f69     0x348d CMakeFiles/f103vet6_learning_1.dir/Drivers/YeHuoDriver/driver_led.c.obj
 .debug_macro   0x000153f6      0x189 CMakeFiles/f103vet6_learning_1.dir/Drivers/YeHuoDriver/driver_led.c.obj
 .debug_macro   0x0001557f       0x5c CMakeFiles/f103vet6_learning_1.dir/Drivers/YeHuoDriver/driver_led.c.obj
 .debug_macro   0x000155db      0x5bc CMakeFiles/f103vet6_learning_1.dir/Drivers/YeHuoDriver/driver_led.c.obj
 .debug_macro   0x00015b97      0x4d5 CMakeFiles/f103vet6_learning_1.dir/Drivers/YeHuoDriver/driver_led.c.obj
 .debug_macro   0x0001606c      0x1cb CMakeFiles/f103vet6_learning_1.dir/Drivers/YeHuoDriver/driver_led.c.obj
 .debug_macro   0x00016237      0x114 CMakeFiles/f103vet6_learning_1.dir/Drivers/YeHuoDriver/driver_led.c.obj
 .debug_macro   0x0001634b      0x1ea CMakeFiles/f103vet6_learning_1.dir/Drivers/YeHuoDriver/driver_led.c.obj
 .debug_macro   0x00016535       0x27 CMakeFiles/f103vet6_learning_1.dir/Drivers/YeHuoDriver/driver_led.c.obj
 .debug_macro   0x0001655c      0x144 CMakeFiles/f103vet6_learning_1.dir/Drivers/YeHuoDriver/driver_led.c.obj
 .debug_macro   0x000166a0      0x1bc CMakeFiles/f103vet6_learning_1.dir/Drivers/YeHuoDriver/driver_led.c.obj
 .debug_macro   0x0001685c       0x30 CMakeFiles/f103vet6_learning_1.dir/Drivers/YeHuoDriver/driver_led.c.obj
 .debug_macro   0x0001688c       0x3c CMakeFiles/f103vet6_learning_1.dir/Drivers/YeHuoDriver/driver_led.c.obj
 .debug_macro   0x000168c8       0x57 CMakeFiles/f103vet6_learning_1.dir/Drivers/YeHuoDriver/driver_led.c.obj
 .debug_macro   0x0001691f       0x87 CMakeFiles/f103vet6_learning_1.dir/Drivers/YeHuoDriver/driver_led.c.obj
 .debug_macro   0x000169a6      0x24f CMakeFiles/f103vet6_learning_1.dir/Drivers/YeHuoDriver/driver_led.c.obj
 .debug_macro   0x00016bf5      0x287 CMakeFiles/f103vet6_learning_1.dir/Drivers/YeHuoDriver/driver_led.c.obj
 .debug_macro   0x00016e7c      0x140 CMakeFiles/f103vet6_learning_1.dir/Drivers/YeHuoDriver/driver_led.c.obj
 .debug_macro   0x00016fbc      0x8ed CMakeFiles/f103vet6_learning_1.dir/Drivers/YeHuoDriver/driver_led.c.obj
 .debug_macro   0x000178a9       0xb5 CMakeFiles/f103vet6_learning_1.dir/Drivers/YeHuoDriver/driver_led.c.obj
 .debug_macro   0x0001795e      0x1ad CMakeFiles/f103vet6_learning_1.dir/Drivers/YeHuoDriver/driver_timer.c.obj
 .debug_macro   0x00017b0b       0x1b CMakeFiles/f103vet6_learning_1.dir/Drivers/YeHuoDriver/oledfont.c.obj
 .debug_macro   0x00017b26      0x1b7 CMakeFiles/f103vet6_learning_1.dir/Drivers/YeHuoDriver/bsp.c.obj
 .debug_macro   0x00017cdd      0x241 CMakeFiles/f103vet6_learning_1.dir/Core/Src/main.c.obj
 .debug_macro   0x00017f1e       0x5b CMakeFiles/f103vet6_learning_1.dir/Core/Src/main.c.obj
 .debug_macro   0x00017f79       0x74 CMakeFiles/f103vet6_learning_1.dir/Core/Src/main.c.obj
 .debug_macro   0x00017fed      0x122 CMakeFiles/f103vet6_learning_1.dir/Core/Src/main.c.obj
 .debug_macro   0x0001810f      0x15a CMakeFiles/f103vet6_learning_1.dir/Core/Src/main.c.obj
 .debug_macro   0x00018269       0xc2 CMakeFiles/f103vet6_learning_1.dir/Core/Src/main.c.obj
 .debug_macro   0x0001832b       0x10 CMakeFiles/f103vet6_learning_1.dir/Core/Src/main.c.obj
 .debug_macro   0x0001833b       0x1f CMakeFiles/f103vet6_learning_1.dir/Core/Src/main.c.obj
 .debug_macro   0x0001835a      0x47f CMakeFiles/f103vet6_learning_1.dir/Core/Src/main.c.obj
 .debug_macro   0x000187d9       0xdd CMakeFiles/f103vet6_learning_1.dir/Core/Src/main.c.obj
 .debug_macro   0x000188b6      0x1b7 CMakeFiles/f103vet6_learning_1.dir/Core/Src/gpio.c.obj
 .debug_macro   0x00018a6d      0x258 CMakeFiles/f103vet6_learning_1.dir/Core/Src/freertos.c.obj
 .debug_macro   0x00018cc5      0x122 CMakeFiles/f103vet6_learning_1.dir/Core/Src/freertos.c.obj
 .debug_macro   0x00018de7       0xb5 CMakeFiles/f103vet6_learning_1.dir/Core/Src/freertos.c.obj
 .debug_macro   0x00018e9c       0x8c CMakeFiles/f103vet6_learning_1.dir/Core/Src/freertos.c.obj
 .debug_macro   0x00018f28      0x1b7 CMakeFiles/f103vet6_learning_1.dir/Core/Src/i2c.c.obj
 .debug_macro   0x000190df      0x1b7 CMakeFiles/f103vet6_learning_1.dir/Core/Src/stm32f1xx_it.c.obj
 .debug_macro   0x00019296      0x1ad CMakeFiles/f103vet6_learning_1.dir/Core/Src/stm32f1xx_hal_msp.c.obj
 .debug_macro   0x00019443      0x1a3 CMakeFiles/f103vet6_learning_1.dir/Core/Src/stm32f1xx_hal_timebase_tim.c.obj
 .debug_macro   0x000195e6      0x1c7 CMakeFiles/f103vet6_learning_1.dir/Drivers/STM32F1xx_HAL_Driver/Src/stm32f1xx_hal.c.obj
 .debug_macro   0x000197ad      0x1b5 CMakeFiles/f103vet6_learning_1.dir/Drivers/STM32F1xx_HAL_Driver/Src/stm32f1xx_hal_rcc.c.obj
 .debug_macro   0x00019962      0x20e CMakeFiles/f103vet6_learning_1.dir/Drivers/STM32F1xx_HAL_Driver/Src/stm32f1xx_hal_gpio.c.obj
 .debug_macro   0x00019b70      0x1a3 CMakeFiles/f103vet6_learning_1.dir/Drivers/STM32F1xx_HAL_Driver/Src/stm32f1xx_hal_cortex.c.obj
 .debug_macro   0x00019d13      0x1f1 CMakeFiles/f103vet6_learning_1.dir/Drivers/STM32F1xx_HAL_Driver/Src/stm32f1xx_hal_i2c.c.obj
 .debug_macro   0x00019f04      0x1a4 CMakeFiles/f103vet6_learning_1.dir/Drivers/STM32F1xx_HAL_Driver/Src/stm32f1xx_hal_tim.c.obj
 .debug_macro   0x0001a0a8      0x1a3 CMakeFiles/f103vet6_learning_1.dir/Drivers/STM32F1xx_HAL_Driver/Src/stm32f1xx_hal_tim_ex.c.obj
 .debug_macro   0x0001a24b      0x1a3 CMakeFiles/f103vet6_learning_1.dir/Core/Src/system_stm32f1xx.c.obj
 .debug_macro   0x0001a3ee      0x178 CMakeFiles/f103vet6_learning_1.dir/Middlewares/Third_Party/FreeRTOS/Source/list.c.obj
 .debug_macro   0x0001a566      0x203 CMakeFiles/f103vet6_learning_1.dir/Middlewares/Third_Party/FreeRTOS/Source/queue.c.obj
 .debug_macro   0x0001a769       0x16 CMakeFiles/f103vet6_learning_1.dir/Middlewares/Third_Party/FreeRTOS/Source/queue.c.obj
 .debug_macro   0x0001a77f       0x35 CMakeFiles/f103vet6_learning_1.dir/Middlewares/Third_Party/FreeRTOS/Source/queue.c.obj
 .debug_macro   0x0001a7b4       0x20 CMakeFiles/f103vet6_learning_1.dir/Middlewares/Third_Party/FreeRTOS/Source/queue.c.obj
 .debug_macro   0x0001a7d4       0x8d CMakeFiles/f103vet6_learning_1.dir/Middlewares/Third_Party/FreeRTOS/Source/queue.c.obj
 .debug_macro   0x0001a861      0x278 CMakeFiles/f103vet6_learning_1.dir/Middlewares/Third_Party/FreeRTOS/Source/tasks.c.obj
 .debug_macro   0x0001aad9       0x10 CMakeFiles/f103vet6_learning_1.dir/Middlewares/Third_Party/FreeRTOS/Source/tasks.c.obj
 .debug_macro   0x0001aae9      0x1bb CMakeFiles/f103vet6_learning_1.dir/Middlewares/Third_Party/FreeRTOS/Source/timers.c.obj
 .debug_macro   0x0001aca4      0x238 CMakeFiles/f103vet6_learning_1.dir/Middlewares/Third_Party/FreeRTOS/Source/CMSIS_RTOS_V2/cmsis_os2.c.obj
 .debug_macro   0x0001aedc       0x10 CMakeFiles/f103vet6_learning_1.dir/Middlewares/Third_Party/FreeRTOS/Source/CMSIS_RTOS_V2/cmsis_os2.c.obj
 .debug_macro   0x0001aeec       0xb7 CMakeFiles/f103vet6_learning_1.dir/Middlewares/Third_Party/FreeRTOS/Source/CMSIS_RTOS_V2/cmsis_os2.c.obj
 .debug_macro   0x0001afa3       0x9a CMakeFiles/f103vet6_learning_1.dir/Middlewares/Third_Party/FreeRTOS/Source/CMSIS_RTOS_V2/cmsis_os2.c.obj
 .debug_macro   0x0001b03d      0x19f CMakeFiles/f103vet6_learning_1.dir/Middlewares/Third_Party/FreeRTOS/Source/portable/MemMang/heap_4.c.obj
 .debug_macro   0x0001b1dc      0x172 CMakeFiles/f103vet6_learning_1.dir/Middlewares/Third_Party/FreeRTOS/Source/portable/GCC/ARM_CM3/port.c.obj

.debug_line     0x00000000    0x18179
 .debug_line    0x00000000      0x73f CMakeFiles/f103vet6_learning_1.dir/Drivers/YeHuoDriver/driver_led.c.obj
 .debug_line    0x0000073f      0x71a CMakeFiles/f103vet6_learning_1.dir/Drivers/YeHuoDriver/driver_timer.c.obj
 .debug_line    0x00000e59       0x7d CMakeFiles/f103vet6_learning_1.dir/Drivers/YeHuoDriver/oledfont.c.obj
 .debug_line    0x00000ed6      0xbc9 CMakeFiles/f103vet6_learning_1.dir/Drivers/YeHuoDriver/bsp.c.obj
 .debug_line    0x00001a9f      0x969 CMakeFiles/f103vet6_learning_1.dir/Core/Src/main.c.obj
 .debug_line    0x00002408      0x66d CMakeFiles/f103vet6_learning_1.dir/Core/Src/gpio.c.obj
 .debug_line    0x00002a75      0x9e1 CMakeFiles/f103vet6_learning_1.dir/Core/Src/freertos.c.obj
 .debug_line    0x00003456      0x6c4 CMakeFiles/f103vet6_learning_1.dir/Core/Src/i2c.c.obj
 .debug_line    0x00003b1a      0x6fb CMakeFiles/f103vet6_learning_1.dir/Core/Src/stm32f1xx_it.c.obj
 .debug_line    0x00004215      0x660 CMakeFiles/f103vet6_learning_1.dir/Core/Src/stm32f1xx_hal_msp.c.obj
 .debug_line    0x00004875      0x6db CMakeFiles/f103vet6_learning_1.dir/Core/Src/stm32f1xx_hal_timebase_tim.c.obj
 .debug_line    0x00004f50      0x90a CMakeFiles/f103vet6_learning_1.dir/Drivers/STM32F1xx_HAL_Driver/Src/stm32f1xx_hal.c.obj
 .debug_line    0x0000585a      0xd13 CMakeFiles/f103vet6_learning_1.dir/Drivers/STM32F1xx_HAL_Driver/Src/stm32f1xx_hal_rcc.c.obj
 .debug_line    0x0000656d      0x9cb CMakeFiles/f103vet6_learning_1.dir/Drivers/STM32F1xx_HAL_Driver/Src/stm32f1xx_hal_gpio.c.obj
 .debug_line    0x00006f38      0xaf6 CMakeFiles/f103vet6_learning_1.dir/Drivers/STM32F1xx_HAL_Driver/Src/stm32f1xx_hal_cortex.c.obj
 .debug_line    0x00007a2e     0x3b77 CMakeFiles/f103vet6_learning_1.dir/Drivers/STM32F1xx_HAL_Driver/Src/stm32f1xx_hal_i2c.c.obj
 .debug_line    0x0000b5a5     0x3634 CMakeFiles/f103vet6_learning_1.dir/Drivers/STM32F1xx_HAL_Driver/Src/stm32f1xx_hal_tim.c.obj
 .debug_line    0x0000ebd9     0x18cf CMakeFiles/f103vet6_learning_1.dir/Drivers/STM32F1xx_HAL_Driver/Src/stm32f1xx_hal_tim_ex.c.obj
 .debug_line    0x000104a8      0x6dd CMakeFiles/f103vet6_learning_1.dir/Core/Src/system_stm32f1xx.c.obj
 .debug_line    0x00010b85      0x59c CMakeFiles/f103vet6_learning_1.dir/Middlewares/Third_Party/FreeRTOS/Source/list.c.obj
 .debug_line    0x00011121     0x155f CMakeFiles/f103vet6_learning_1.dir/Middlewares/Third_Party/FreeRTOS/Source/queue.c.obj
 .debug_line    0x00012680     0x1bd4 CMakeFiles/f103vet6_learning_1.dir/Middlewares/Third_Party/FreeRTOS/Source/tasks.c.obj
 .debug_line    0x00014254      0xb39 CMakeFiles/f103vet6_learning_1.dir/Middlewares/Third_Party/FreeRTOS/Source/timers.c.obj
 .debug_line    0x00014d8d     0x231c CMakeFiles/f103vet6_learning_1.dir/Middlewares/Third_Party/FreeRTOS/Source/CMSIS_RTOS_V2/cmsis_os2.c.obj
 .debug_line    0x000170a9      0x761 CMakeFiles/f103vet6_learning_1.dir/Middlewares/Third_Party/FreeRTOS/Source/portable/MemMang/heap_4.c.obj
 .debug_line    0x0001780a      0x6ef CMakeFiles/f103vet6_learning_1.dir/Middlewares/Third_Party/FreeRTOS/Source/portable/GCC/ARM_CM3/port.c.obj
 .debug_line    0x00017ef9       0x79 CMakeFiles/f103vet6_learning_1.dir/startup_stm32f103xe.s.obj
 .debug_line    0x00017f72      0x207 /opt/st/stm32cubeclt_1.15.1/GNU-tools-for-STM32/bin/../lib/gcc/arm-none-eabi/12.3.1/../../../../arm-none-eabi/lib/thumb/v7-m/nofp/libg_nano.a(libc_a-memcpy-stub.o)

.debug_str      0x00000000    0xa1e3f
 .debug_str     0x00000000    0x9132e CMakeFiles/f103vet6_learning_1.dir/Drivers/YeHuoDriver/driver_led.c.obj
                              0x91740 (size before relaxing)
 .debug_str     0x0009132e      0x4a1 CMakeFiles/f103vet6_learning_1.dir/Drivers/YeHuoDriver/driver_timer.c.obj
                              0x91aec (size before relaxing)
 .debug_str     0x000917cf       0x71 CMakeFiles/f103vet6_learning_1.dir/Drivers/YeHuoDriver/oledfont.c.obj
                               0x2e11 (size before relaxing)
 .debug_str     0x00091840      0x4a4 CMakeFiles/f103vet6_learning_1.dir/Drivers/YeHuoDriver/bsp.c.obj
                              0x91c6b (size before relaxing)
 .debug_str     0x00091ce4     0x396e CMakeFiles/f103vet6_learning_1.dir/Core/Src/main.c.obj
                              0x95438 (size before relaxing)
 .debug_str     0x00095652       0x40 CMakeFiles/f103vet6_learning_1.dir/Core/Src/gpio.c.obj
                              0x916bd (size before relaxing)
 .debug_str     0x00095692     0x1261 CMakeFiles/f103vet6_learning_1.dir/Core/Src/freertos.c.obj
                              0x96051 (size before relaxing)
 .debug_str     0x000968f3       0x88 CMakeFiles/f103vet6_learning_1.dir/Core/Src/i2c.c.obj
                              0x91b77 (size before relaxing)
 .debug_str     0x0009697b       0xe2 CMakeFiles/f103vet6_learning_1.dir/Core/Src/stm32f1xx_it.c.obj
                              0x91b14 (size before relaxing)
 .debug_str     0x00096a5d      0x3a2 CMakeFiles/f103vet6_learning_1.dir/Core/Src/stm32f1xx_hal_msp.c.obj
                              0x91a1d (size before relaxing)
 .debug_str     0x00096dff      0x141 CMakeFiles/f103vet6_learning_1.dir/Core/Src/stm32f1xx_hal_timebase_tim.c.obj
                              0x9201c (size before relaxing)
 .debug_str     0x00096f40      0x371 CMakeFiles/f103vet6_learning_1.dir/Drivers/STM32F1xx_HAL_Driver/Src/stm32f1xx_hal.c.obj
                              0x91e87 (size before relaxing)
 .debug_str     0x000972b1      0x235 CMakeFiles/f103vet6_learning_1.dir/Drivers/STM32F1xx_HAL_Driver/Src/stm32f1xx_hal_rcc.c.obj
                              0x91a9f (size before relaxing)
 .debug_str     0x000974e6      0x30e CMakeFiles/f103vet6_learning_1.dir/Drivers/STM32F1xx_HAL_Driver/Src/stm32f1xx_hal_gpio.c.obj
                              0x919f6 (size before relaxing)